Archive member included because of file (symbol)

c:/winavr-20100110/bin/../lib/gcc/avr/4.3.3\libgcc.a(_exit.o)
                              c:/winavr-20100110/bin/../lib/gcc/avr/4.3.3/../../../../avr/lib/crts2313.o (exit)
c:/winavr-20100110/bin/../lib/gcc/avr/4.3.3\libgcc.a(_clear_bss.o)
                              1wire.o (__do_clear_bss)

Allocating common symbols
Common symbol       size              file

bufor1w             0x9               1wire.o
pbufor1w            0x2               1wire.o

Memory Configuration

Name             Origin             Length             Attributes
text             0x00000000         0x00002000         xr
data             0x00800060         0x0000ffa0         rw !x
eeprom           0x00810000         0x00010000         rw !x
fuse             0x00820000         0x00000400         rw !x
lock             0x00830000         0x00000400         rw !x
signature        0x00840000         0x00000400         rw !x
*default*        0x00000000         0xffffffff

Linker script and memory map

LOAD c:/winavr-20100110/bin/../lib/gcc/avr/4.3.3/../../../../avr/lib/crts2313.o
LOAD main.o
LOAD 1wire.o
LOAD c:/winavr-20100110/bin/../lib/gcc/avr/4.3.3/../../../../avr/lib\libm.a
LOAD c:/winavr-20100110/bin/../lib/gcc/avr/4.3.3\libgcc.a
LOAD c:/winavr-20100110/bin/../lib/gcc/avr/4.3.3/../../../../avr/lib\libc.a
LOAD c:/winavr-20100110/bin/../lib/gcc/avr/4.3.3\libgcc.a

.hash
 *(.hash)

.dynsym
 *(.dynsym)

.dynstr
 *(.dynstr)

.gnu.version
 *(.gnu.version)

.gnu.version_d
 *(.gnu.version_d)

.gnu.version_r
 *(.gnu.version_r)

.rel.init
 *(.rel.init)

.rela.init
 *(.rela.init)

.rel.text
 *(.rel.text)
 *(.rel.text.*)
 *(.rel.gnu.linkonce.t*)

.rela.text
 *(.rela.text)
 *(.rela.text.*)
 *(.rela.gnu.linkonce.t*)

.rel.fini
 *(.rel.fini)

.rela.fini
 *(.rela.fini)

.rel.rodata
 *(.rel.rodata)
 *(.rel.rodata.*)
 *(.rel.gnu.linkonce.r*)

.rela.rodata
 *(.rela.rodata)
 *(.rela.rodata.*)
 *(.rela.gnu.linkonce.r*)

.rel.data
 *(.rel.data)
 *(.rel.data.*)
 *(.rel.gnu.linkonce.d*)

.rela.data
 *(.rela.data)
 *(.rela.data.*)
 *(.rela.gnu.linkonce.d*)

.rel.ctors
 *(.rel.ctors)

.rela.ctors
 *(.rela.ctors)

.rel.dtors
 *(.rel.dtors)

.rela.dtors
 *(.rela.dtors)

.rel.got
 *(.rel.got)

.rela.got
 *(.rela.got)

.rel.bss
 *(.rel.bss)

.rela.bss
 *(.rela.bss)

.rel.plt
 *(.rel.plt)

.rela.plt
 *(.rela.plt)

.text           0x00000000      0x17c
 *(.vectors)
 .vectors       0x00000000       0x16 c:/winavr-20100110/bin/../lib/gcc/avr/4.3.3/../../../../avr/lib/crts2313.o
                0x00000000                __vectors
                0x00000000                __vector_default
 *(.vectors)
 *(.progmem.gcc*)
 *(.progmem*)
                0x00000016                . = ALIGN (0x2)
                0x00000016                __trampolines_start = .
 *(.trampolines)
 .trampolines   0x00000016        0x0 linker stubs
 *(.trampolines*)
                0x00000016                __trampolines_end = .
 *(.jumptables)
 *(.jumptables*)
 *(.lowtext)
 *(.lowtext*)
                0x00000016                __ctors_start = .
 *(.ctors)
                0x00000016                __ctors_end = .
                0x00000016                __dtors_start = .
 *(.dtors)
                0x00000016                __dtors_end = .
 SORT(*)(.ctors)
 SORT(*)(.dtors)
 *(.init0)
 .init0         0x00000016        0x0 c:/winavr-20100110/bin/../lib/gcc/avr/4.3.3/../../../../avr/lib/crts2313.o
                0x00000016                __init
 *(.init0)
 *(.init1)
 *(.init1)
 *(.init2)
 .init2         0x00000016        0x8 c:/winavr-20100110/bin/../lib/gcc/avr/4.3.3/../../../../avr/lib/crts2313.o
 *(.init2)
 *(.init3)
 *(.init3)
 *(.init4)
 .init4         0x0000001e       0x10 c:/winavr-20100110/bin/../lib/gcc/avr/4.3.3\libgcc.a(_clear_bss.o)
                0x0000001e                __do_clear_bss
 *(.init4)
 *(.init5)
 *(.init5)
 *(.init6)
 *(.init6)
 *(.init7)
 *(.init7)
 *(.init8)
 *(.init8)
 *(.init9)
 .init9         0x0000002e        0x4 c:/winavr-20100110/bin/../lib/gcc/avr/4.3.3/../../../../avr/lib/crts2313.o
 *(.init9)
 *(.text)
 .text          0x00000032        0x2 c:/winavr-20100110/bin/../lib/gcc/avr/4.3.3/../../../../avr/lib/crts2313.o
                0x00000032                __vector_1
                0x00000032                __bad_interrupt
                0x00000032                __vector_6
                0x00000032                __vector_3
                0x00000032                __vector_7
                0x00000032                __vector_5
                0x00000032                __vector_4
                0x00000032                __vector_9
                0x00000032                __vector_2
                0x00000032                __vector_8
                0x00000032                __vector_10
 .text          0x00000034        0xc main.o
                0x00000034                main
 .text          0x00000040      0x138 1wire.o
                0x0000010a                count_CRC
                0x000000a8                read_1w
                0x00000048                slot1w_read
                0x00000066                slot1w_write
                0x00000040                wait_1w
                0x0000008e                write_1w
                0x0000013e                reset_1w
 .text          0x00000178        0x0 c:/winavr-20100110/bin/../lib/gcc/avr/4.3.3\libgcc.a(_exit.o)
 .text          0x00000178        0x0 c:/winavr-20100110/bin/../lib/gcc/avr/4.3.3\libgcc.a(_clear_bss.o)
                0x00000178                . = ALIGN (0x2)
 *(.text.*)
 .text.libgcc   0x00000178        0x0 c:/winavr-20100110/bin/../lib/gcc/avr/4.3.3\libgcc.a(_exit.o)
 .text.libgcc   0x00000178        0x0 c:/winavr-20100110/bin/../lib/gcc/avr/4.3.3\libgcc.a(_clear_bss.o)
                0x00000178                . = ALIGN (0x2)
 *(.fini9)
 .fini9         0x00000178        0x0 c:/winavr-20100110/bin/../lib/gcc/avr/4.3.3\libgcc.a(_exit.o)
                0x00000178                exit
                0x00000178                _exit
 *(.fini9)
 *(.fini8)
 *(.fini8)
 *(.fini7)
 *(.fini7)
 *(.fini6)
 *(.fini6)
 *(.fini5)
 *(.fini5)
 *(.fini4)
 *(.fini4)
 *(.fini3)
 *(.fini3)
 *(.fini2)
 *(.fini2)
 *(.fini1)
 *(.fini1)
 *(.fini0)
 .fini0         0x00000178        0x4 c:/winavr-20100110/bin/../lib/gcc/avr/4.3.3\libgcc.a(_exit.o)
 *(.fini0)
                0x0000017c                _etext = .

.data           0x00800060        0x0 load address 0x0000017c
                0x00800060                PROVIDE (__data_start, .)
 *(.data)
 .data          0x00800060        0x0 c:/winavr-20100110/bin/../lib/gcc/avr/4.3.3/../../../../avr/lib/crts2313.o
 .data          0x00800060        0x0 main.o
 .data          0x00800060        0x0 1wire.o
 .data          0x00800060        0x0 c:/winavr-20100110/bin/../lib/gcc/avr/4.3.3\libgcc.a(_exit.o)
 .data          0x00800060        0x0 c:/winavr-20100110/bin/../lib/gcc/avr/4.3.3\libgcc.a(_clear_bss.o)
 *(.data*)
 *(.rodata)
 *(.rodata*)
 *(.gnu.linkonce.d*)
                0x00800060                . = ALIGN (0x2)
                0x00800060                _edata = .
                0x00800060                PROVIDE (__data_end, .)

.bss            0x00800060        0xb
                0x00800060                PROVIDE (__bss_start, .)
 *(.bss)
 .bss           0x00800060        0x0 c:/winavr-20100110/bin/../lib/gcc/avr/4.3.3/../../../../avr/lib/crts2313.o
 .bss           0x00800060        0x0 main.o
 .bss           0x00800060        0x0 1wire.o
 .bss           0x00800060        0x0 c:/winavr-20100110/bin/../lib/gcc/avr/4.3.3\libgcc.a(_exit.o)
 .bss           0x00800060        0x0 c:/winavr-20100110/bin/../lib/gcc/avr/4.3.3\libgcc.a(_clear_bss.o)
 *(.bss*)
 *(COMMON)
 COMMON         0x00800060        0xb 1wire.o
                0x00800060                bufor1w
                0x00800069                pbufor1w
                0x0080006b                PROVIDE (__bss_end, .)
                0x0000017c                __data_load_start = LOADADDR (.data)
                0x0000017c                __data_load_end = (__data_load_start + SIZEOF (.data))

.noinit         0x0080006b        0x0
                0x0080006b                PROVIDE (__noinit_start, .)
 *(.noinit*)
                0x0080006b                PROVIDE (__noinit_end, .)
                0x0080006b                _end = .
                0x0080006b                PROVIDE (__heap_start, .)

.eeprom         0x00810000        0x0
 *(.eeprom*)
                0x00810000                __eeprom_end = .

.fuse
 *(.fuse)
 *(.lfuse)
 *(.hfuse)
 *(.efuse)

.lock
 *(.lock*)

.signature
 *(.signature*)

.stab
 *(.stab)

.stabstr
 *(.stabstr)

.stab.excl
 *(.stab.excl)

.stab.exclstr
 *(.stab.exclstr)

.stab.index
 *(.stab.index)

.stab.indexstr
 *(.stab.indexstr)

.comment
 *(.comment)

.debug
 *(.debug)

.line
 *(.line)

.debug_srcinfo
 *(.debug_srcinfo)

.debug_sfnames
 *(.debug_sfnames)

.debug_aranges  0x00000000       0x40
 *(.debug_aranges)
 .debug_aranges
                0x00000000       0x20 main.o
 .debug_aranges
                0x00000020       0x20 1wire.o

.debug_pubnames
                0x00000000       0xa7
 *(.debug_pubnames)
 .debug_pubnames
                0x00000000       0x1b main.o
 .debug_pubnames
                0x0000001b       0x8c 1wire.o

.debug_info     0x00000000      0x3c3
 *(.debug_info)
 .debug_info    0x00000000       0x80 main.o
 .debug_info    0x00000080      0x343 1wire.o
 *(.gnu.linkonce.wi.*)

.debug_abbrev   0x00000000      0x1ae
 *(.debug_abbrev)
 .debug_abbrev  0x00000000       0x4a main.o
 .debug_abbrev  0x0000004a      0x164 1wire.o

.debug_line     0x00000000      0x307
 *(.debug_line)
 .debug_line    0x00000000       0x70 main.o
 .debug_line    0x00000070      0x297 1wire.o

.debug_frame    0x00000000       0xa0
 *(.debug_frame)
 .debug_frame   0x00000000       0x20 main.o
 .debug_frame   0x00000020       0x80 1wire.o

.debug_str      0x00000000      0x111
 *(.debug_str)
 .debug_str     0x00000000       0x6d main.o
                                 0xa6 (size before relaxing)
 .debug_str     0x0000006d       0xa4 1wire.o
                                0x11f (size before relaxing)

.debug_loc      0x00000000      0x19d
 *(.debug_loc)
 .debug_loc     0x00000000      0x19d 1wire.o

.debug_macinfo
 *(.debug_macinfo)
OUTPUT(main.elf elf32-avr)
LOAD linker stubs

Cross Reference Table

Symbol                                            File
__bad_interrupt                                   c:/winavr-20100110/bin/../lib/gcc/avr/4.3.3/../../../../avr/lib/crts2313.o
__bss_end                                         c:/winavr-20100110/bin/../lib/gcc/avr/4.3.3\libgcc.a(_clear_bss.o)
__bss_start                                       c:/winavr-20100110/bin/../lib/gcc/avr/4.3.3\libgcc.a(_clear_bss.o)
__do_clear_bss                                    c:/winavr-20100110/bin/../lib/gcc/avr/4.3.3\libgcc.a(_clear_bss.o)
                                                  1wire.o
__heap_end                                        c:/winavr-20100110/bin/../lib/gcc/avr/4.3.3/../../../../avr/lib/crts2313.o
__init                                            c:/winavr-20100110/bin/../lib/gcc/avr/4.3.3/../../../../avr/lib/crts2313.o
__stack                                           c:/winavr-20100110/bin/../lib/gcc/avr/4.3.3/../../../../avr/lib/crts2313.o
__vector_1                                        c:/winavr-20100110/bin/../lib/gcc/avr/4.3.3/../../../../avr/lib/crts2313.o
__vector_10                                       c:/winavr-20100110/bin/../lib/gcc/avr/4.3.3/../../../../avr/lib/crts2313.o
__vector_2                                        c:/winavr-20100110/bin/../lib/gcc/avr/4.3.3/../../../../avr/lib/crts2313.o
__vector_3                                        c:/winavr-20100110/bin/../lib/gcc/avr/4.3.3/../../../../avr/lib/crts2313.o
__vector_4                                        c:/winavr-20100110/bin/../lib/gcc/avr/4.3.3/../../../../avr/lib/crts2313.o
__vector_5                                        c:/winavr-20100110/bin/../lib/gcc/avr/4.3.3/../../../../avr/lib/crts2313.o
__vector_6                                        c:/winavr-20100110/bin/../lib/gcc/avr/4.3.3/../../../../avr/lib/crts2313.o
__vector_7                                        c:/winavr-20100110/bin/../lib/gcc/avr/4.3.3/../../../../avr/lib/crts2313.o
__vector_8                                        c:/winavr-20100110/bin/../lib/gcc/avr/4.3.3/../../../../avr/lib/crts2313.o
__vector_9                                        c:/winavr-20100110/bin/../lib/gcc/avr/4.3.3/../../../../avr/lib/crts2313.o
__vector_default                                  c:/winavr-20100110/bin/../lib/gcc/avr/4.3.3/../../../../avr/lib/crts2313.o
__vectors                                         c:/winavr-20100110/bin/../lib/gcc/avr/4.3.3/../../../../avr/lib/crts2313.o
_exit                                             c:/winavr-20100110/bin/../lib/gcc/avr/4.3.3\libgcc.a(_exit.o)
bufor1w                                           1wire.o
count_CRC                                         1wire.o
exit                                              c:/winavr-20100110/bin/../lib/gcc/avr/4.3.3\libgcc.a(_exit.o)
                                                  c:/winavr-20100110/bin/../lib/gcc/avr/4.3.3/../../../../avr/lib/crts2313.o
main                                              main.o
                                                  c:/winavr-20100110/bin/../lib/gcc/avr/4.3.3/../../../../avr/lib/crts2313.o
pbufor1w                                          1wire.o
read_1w                                           1wire.o
reset_1w                                          1wire.o
slot1w_read                                       1wire.o
slot1w_write                                      1wire.o
wait_1w                                           1wire.o
write_1w                                          1wire.o
