Report       : HHGKJH
Date         : 07-08-2010
Time         : 17:43:22

Compiler     : BASCOM-AVR LIBRARY V 1.11.9.0
Processor    : 90S2313
SRAM         : 80 hex
EEPROM       : 80 hex
ROMSIZE      : 800 hex

ROMIMAGE     : 254 hex  -> Will fit into ROM
ROMIMAGE     :  596 dec
FLASH USED   :  29  %
BAUD         : 19200 Baud
XTAL         : 8000000 Hz
BAUD error   : 0.16%

Stack start  : DF hex
Stack size   : 20 hex
S-Stacksize  : 8 hex
S-Stackstart : C0 hex
Framesize    : 18 hex
Framestart   : A7 hex
Space left   :  64  dec

LCD DB7      : PORTB.7
LCD DB6      : PORTB.6
LCD DB5      : PORTB.5
LCD DB4      : PORTB.4
LCD E        : PORTB.3
LCD RS       : PORTB.2
LCD mode     :  4  bit

--------------------------------------------------------------------------------
Variable                         Type            Address(hex)   Address(dec)
--------------------------------------------------------------------------------
HWSTACK                          Word              005D          93 
SWSTACK                          Word              001C          28 
FRAME                            Word              0004          4 
COUNTER0                         Byte              0052          82 
TIMER0                           Byte              0052          82 
COUNTER1                         Word              004C          76 
TIMER1                           Word              004C          76 
CAPTURE1                         Word              0044          68 
COMPARE1A                        Word              004A          74 
PWM1A                            Word              004A          74 
COMPARE1                         Word              004A          74 
ERR                              Bit               0006          6 
ODCZYT                           Byte              0060          96 

--------------------------------------------------------------------------------
Constant                         Value
--------------------------------------------------------------------------------
SREG                             &H3F                                                                                                                                                                                                                                                            
SPL                              &H3D                                                                                                                                                                                                                                                            
GIMSK                            &H3B                                                                                                                                                                                                                                                            
GIFR                             &H3A                                                                                                                                                                                                                                                            
TIMSK                            &H39                                                                                                                                                                                                                                                            
TIFR                             &H38                                                                                                                                                                                                                                                            
MCUCR                            &H35                                                                                                                                                                                                                                                            
TCCR0                            &H33                                                                                                                                                                                                                                                            
TCNT0                            &H32                                                                                                                                                                                                                                                            
TCCR1A                           &H2F                                                                                                                                                                                                                                                            
TCCR1B                           &H2E                                                                                                                                                                                                                                                            
TCNT1H                           &H2D                                                                                                                                                                                                                                                            
TCNT1L                           &H2C                                                                                                                                                                                                                                                            
OCR1AH                           &H2B                                                                                                                                                                                                                                                            
OCR1AL                           &H2A                                                                                                                                                                                                                                                            
ICR1H                            &H25                                                                                                                                                                                                                                                            
ICR1L                            &H24                                                                                                                                                                                                                                                            
WDTCR                            &H21                                                                                                                                                                                                                                                            
EEAR                             &H1E                                                                                                                                                                                                                                                            
EEARL                            &H1E                                                                                                                                                                                                                                                            
EEDR                             &H1D                                                                                                                                                                                                                                                            
EECR                             &H1C                                                                                                                                                                                                                                                            
PORTB                            &H18                                                                                                                                                                                                                                                            
DDRB                             &H17                                                                                                                                                                                                                                                            
PINB                             &H16                                                                                                                                                                                                                                                            
PORTD                            &H12                                                                                                                                                                                                                                                            
DDRD                             &H11                                                                                                                                                                                                                                                            
PIND                             &H10                                                                                                                                                                                                                                                            
UDR                              &H0C                                                                                                                                                                                                                                                            
USR                              &H0B                                                                                                                                                                                                                                                            
UCR                              &H0A                                                                                                                                                                                                                                                            
UBRR                             &H09                                                                                                                                                                                                                                                            
ACSR                             &H08                                                                                                                                                                                                                                                            
SP7                              7                                                                                                                                                                                                                                                               
SP6                              6                                                                                                                                                                                                                                                               
SP5                              5                                                                                                                                                                                                                                                               
SP4                              4                                                                                                                                                                                                                                                               
SP3                              3                                                                                                                                                                                                                                                               
SP2                              2                                                                                                                                                                                                                                                               
SP1                              1                                                                                                                                                                                                                                                               
SP0                              0                                                                                                                                                                                                                                                               
INT1                             7                                                                                                                                                                                                                                                               
INT0                             6                                                                                                                                                                                                                                                               
INTF1                            7                                                                                                                                                                                                                                                               
INTF0                            6                                                                                                                                                                                                                                                               
TOIE1                            7                                                                                                                                                                                                                                                               
OCIE1A                           6                                                                                                                                                                                                                                                               
TICIE1                           3                                                                                                                                                                                                                                                               
TOIE0                            1                                                                                                                                                                                                                                                               
TOV1                             7                                                                                                                                                                                                                                                               
OCF1A                            6                                                                                                                                                                                                                                                               
ICF1                             3                                                                                                                                                                                                                                                               
TOV0                             1                                                                                                                                                                                                                                                               
SE                               5                                                                                                                                                                                                                                                               
SM                               4                                                                                                                                                                                                                                                               
ISC11                            3                                                                                                                                                                                                                                                               
ISC10                            2                                                                                                                                                                                                                                                               
ISC01                            1                                                                                                                                                                                                                                                               
ISC00                            0                                                                                                                                                                                                                                                               
CS02                             2                                                                                                                                                                                                                                                               
CS01                             1                                                                                                                                                                                                                                                               
CS00                             0                                                                                                                                                                                                                                                               
COM1A1                           7                                                                                                                                                                                                                                                               
COM1A0                           6                                                                                                                                                                                                                                                               
PWM11                            1                                                                                                                                                                                                                                                               
PWM10                            0                                                                                                                                                                                                                                                               
ICNC1                            7                                                                                                                                                                                                                                                               
ICES1                            6                                                                                                                                                                                                                                                               
CTC1                             3                                                                                                                                                                                                                                                               
CS12                             2                                                                                                                                                                                                                                                               
CS11                             1                                                                                                                                                                                                                                                               
CS10                             0                                                                                                                                                                                                                                                               
WDTOE                            4                                                                                                                                                                                                                                                               
WDE                              3                                                                                                                                                                                                                                                               
WDP2                             2                                                                                                                                                                                                                                                               
WDP1                             1                                                                                                                                                                                                                                                               
WDP0                             0                                                                                                                                                                                                                                                               
EEMWE                            2                                                                                                                                                                                                                                                               
EEWE                             1                                                                                                                                                                                                                                                               
EERE                             0                                                                                                                                                                                                                                                               
PB7                              7                                                                                                                                                                                                                                                               
PB6                              6                                                                                                                                                                                                                                                               
PB5                              5                                                                                                                                                                                                                                                               
PB4                              4                                                                                                                                                                                                                                                               
PB3                              3                                                                                                                                                                                                                                                               
PB2                              2                                                                                                                                                                                                                                                               
PB1                              1                                                                                                                                                                                                                                                               
PB0                              0                                                                                                                                                                                                                                                               
DDB7                             7                                                                                                                                                                                                                                                               
DDB6                             6                                                                                                                                                                                                                                                               
DDB5                             5                                                                                                                                                                                                                                                               
DDB4                             4                                                                                                                                                                                                                                                               
DDB3                             3                                                                                                                                                                                                                                                               
DDB2                             2                                                                                                                                                                                                                                                               
DDB1                             1                                                                                                                                                                                                                                                               
DDB0                             0                                                                                                                                                                                                                                                               
PINB7                            7                                                                                                                                                                                                                                                               
PINB6                            6                                                                                                                                                                                                                                                               
PINB5                            5                                                                                                                                                                                                                                                               
PINB4                            4                                                                                                                                                                                                                                                               
PINB3                            3                                                                                                                                                                                                                                                               
PINB2                            2                                                                                                                                                                                                                                                               
PINB1                            1                                                                                                                                                                                                                                                               
PINB0                            0                                                                                                                                                                                                                                                               
PD6                              6                                                                                                                                                                                                                                                               
PD5                              5                                                                                                                                                                                                                                                               
PD4                              4                                                                                                                                                                                                                                                               
PD3                              3                                                                                                                                                                                                                                                               
PD2                              2                                                                                                                                                                                                                                                               
PD1                              1                                                                                                                                                                                                                                                               
PD0                              0                                                                                                                                                                                                                                                               
DDD6                             6                                                                                                                                                                                                                                                               
DDD5                             5                                                                                                                                                                                                                                                               
DDD4                             4                                                                                                                                                                                                                                                               
DDD3                             3                                                                                                                                                                                                                                                               
DDD2                             2                                                                                                                                                                                                                                                               
DDD1                             1                                                                                                                                                                                                                                                               
DDD0                             0                                                                                                                                                                                                                                                               
PIND6                            6                                                                                                                                                                                                                                                               
PIND5                            5                                                                                                                                                                                                                                                               
PIND4                            4                                                                                                                                                                                                                                                               
PIND3                            3                                                                                                                                                                                                                                                               
PIND2                            2                                                                                                                                                                                                                                                               
PIND1                            1                                                                                                                                                                                                                                                               
PIND0                            0                                                                                                                                                                                                                                                               
RXC                              7                                                                                                                                                                                                                                                               
TXC                              6                                                                                                                                                                                                                                                               
UDRE                             5                                                                                                                                                                                                                                                               
FE                               4                                                                                                                                                                                                                                                               
OR                               3                                                                                                                                                                                                                                                               
RXCIE                            7                                                                                                                                                                                                                                                               
TXCIE                            6                                                                                                                                                                                                                                                               
UDRIE                            5                                                                                                                                                                                                                                                               
RXEN                             4                                                                                                                                                                                                                                                               
TXEN                             3                                                                                                                                                                                                                                                               
CHR9                             2                                                                                                                                                                                                                                                               
RXB8                             1                                                                                                                                                                                                                                                               
TXB8                             0                                                                                                                                                                                                                                                               
ACD                              7                                                                                                                                                                                                                                                               
ACO                              5                                                                                                                                                                                                                                                               
ACI                              4                                                                                                                                                                                                                                                               
ACIE                             3                                                                                                                                                                                                                                                               
ACIC                             2                                                                                                                                                                                                                                                               
ACIS1                            1                                                                                                                                                                                                                                                               
ACIS0                            0                                                                                                                                                                                                                                                               
_DATE_FORMAT                     0                                                                                                                                                                                                                                                               
_DATE_SEPARATOR                  92                                                                                                                                                                                                                                                              
_RTSCTS                          0                                                                                                                                                                                                                                                               
_RTSCTS1                         0                                                                                                                                                                                                                                                               
_CHIP                            0                                                                                                                                                                                                                                                               
_RAMSIZE                         128                                                                                                                                                                                                                                                             
_ERAMSIZE                        128                                                                                                                                                                                                                                                             
_SIM                             0                                                                                                                                                                                                                                                               
_XTAL                            8000000                                                                                                                                                                                                                                                         
_BUILD                           11190                                                                                                                                                                                                                                                           
_COMPILER                        90                                                                                                                                                                                                                                                              
_HWMUL                           0                                                                                                                                                                                                                                                               
_ROMSIZE                         2048                                                                                                                                                                                                                                                            
_DOSFILEWRITE                    0                                                                                                                                                                                                                                                               
_DOSDIRWRITE                     0                                                                                                                                                                                                                                                               
_1WEXT                           0                                                                                                                                                                                                                                                               
_ADC_REFMODEL                    0                                                                                                                                                                                                                                                               
_SDA                             6                                                                                                                                                                                                                                                               
_SCL                             5                                                                                                                                                                                                                                                               
___I2CDELAY                      5                                                                                                                                                                                                                                                               


--------------------------------------------------------------------------------
Warnings:
--------------------------------------------------------------------------------
COMPARE1                         not used

