Archive member included because of file (symbol)

d:/winavr-20070525/bin/../lib/gcc/avr/4.1.2/avr5\libgcc.a(_exit.o)
                              d:/winavr-20070525/bin/../lib/gcc/avr/4.1.2/../../../../avr/lib/avr5/crtm162.o (exit)
d:/winavr-20070525/bin/../lib/gcc/avr/4.1.2/avr5\libgcc.a(_copy_data.o)
                              main.o (__do_copy_data)
d:/winavr-20070525/bin/../lib/gcc/avr/4.1.2/avr5\libgcc.a(_clear_bss.o)
                              main.o (__do_clear_bss)
d:/winavr-20070525/bin/../lib/gcc/avr/4.1.2/../../../../avr/lib/avr5\libc.a(memset.o)
                              lcd.o (memset)
d:/winavr-20070525/bin/../lib/gcc/avr/4.1.2/../../../../avr/lib/avr5\libc.a(fputs_p.o)
                              system.o (fputs_P)

Discarded input sections

 .stabstr       0x00000000        0x0 d:/winavr-20070525/bin/../lib/gcc/avr/4.1.2/../../../../avr/lib/avr5/crtm162.o

Memory Configuration

Name             Origin             Length             Attributes
text             0x00000000         0x00020000         xr
data             0x00800060         0x0000ffa0         rw !x
eeprom           0x00810000         0x00010000         rw !x
*default*        0x00000000         0xffffffff

Linker script and memory map

Address of section .data set to 0x800100
LOAD d:/winavr-20070525/bin/../lib/gcc/avr/4.1.2/../../../../avr/lib/avr5/crtm162.o
LOAD main.o
LOAD lcd.o
LOAD langsys.o
LOAD system.o
LOAD app.o
LOAD d:/winavr-20070525/bin/../lib/gcc/avr/4.1.2/../../../../avr/lib/avr5\libm.a
LOAD d:/winavr-20070525/bin/../lib/gcc/avr/4.1.2/avr5\libgcc.a
LOAD d:/winavr-20070525/bin/../lib/gcc/avr/4.1.2/../../../../avr/lib/avr5\libc.a
LOAD d:/winavr-20070525/bin/../lib/gcc/avr/4.1.2/avr5\libgcc.a

.hash
 *(.hash)

.dynsym
 *(.dynsym)

.dynstr
 *(.dynstr)

.gnu.version
 *(.gnu.version)

.gnu.version_d
 *(.gnu.version_d)

.gnu.version_r
 *(.gnu.version_r)

.rel.init
 *(.rel.init)

.rela.init
 *(.rela.init)

.rel.text
 *(.rel.text)
 *(.rel.text.*)
 *(.rel.gnu.linkonce.t*)

.rela.text
 *(.rela.text)
 *(.rela.text.*)
 *(.rela.gnu.linkonce.t*)

.rel.fini
 *(.rel.fini)

.rela.fini
 *(.rela.fini)

.rel.rodata
 *(.rel.rodata)
 *(.rel.rodata.*)
 *(.rel.gnu.linkonce.r*)

.rela.rodata
 *(.rela.rodata)
 *(.rela.rodata.*)
 *(.rela.gnu.linkonce.r*)

.rel.data
 *(.rel.data)
 *(.rel.data.*)
 *(.rel.gnu.linkonce.d*)

.rela.data
 *(.rela.data)
 *(.rela.data.*)
 *(.rela.gnu.linkonce.d*)

.rel.ctors
 *(.rel.ctors)

.rela.ctors
 *(.rela.ctors)

.rel.dtors
 *(.rel.dtors)

.rela.dtors
 *(.rela.dtors)

.rel.got
 *(.rel.got)

.rela.got
 *(.rela.got)

.rel.bss
 *(.rel.bss)

.rela.bss
 *(.rela.bss)

.rel.plt
 *(.rel.plt)

.rela.plt
 *(.rela.plt)

.text           0x00000000      0x614
 *(.vectors)
 .vectors       0x00000000       0x70 d:/winavr-20070525/bin/../lib/gcc/avr/4.1.2/../../../../avr/lib/avr5/crtm162.o
                0x00000000                __vectors
                0x00000000                __vector_default
 *(.vectors)
 *(.progmem.gcc*)
 *(.progmem*)
 .progmem.data  0x00000070       0xf6 langsys.o
                0x00000070                EN_strDisplay
                0x0000015e                langsys_strTable
                0x0000015a                langsys_lcdspec
                0x00000078                EN_strStart
                0x0000013a                PL_strDisplay
                0x00000141                PL_strStart
                0x00000098                PL_lcdspec
 .progmem.data  0x00000166        0xc system.o
                0x00000172                . = ALIGN (0x2)
                0x00000172                __trampolines_start = .
 *(.trampolines)
 .trampolines   0x00000172        0x0 linker stubs
 *(.trampolines*)
                0x00000172                __trampolines_end = .
 *(.jumptables)
 *(.jumptables*)
 *(.lowtext)
 *(.lowtext*)
                0x00000172                __ctors_start = .
 *(.ctors)
                0x00000172                __ctors_end = .
                0x00000172                __dtors_start = .
 *(.dtors)
                0x00000172                __dtors_end = .
 SORT(*)(.ctors)
 SORT(*)(.dtors)
 *(.init0)
 .init0         0x00000172        0x0 d:/winavr-20070525/bin/../lib/gcc/avr/4.1.2/../../../../avr/lib/avr5/crtm162.o
                0x00000172                __init
 *(.init0)
 *(.init1)
 *(.init1)
 *(.init2)
 .init2         0x00000172        0xc d:/winavr-20070525/bin/../lib/gcc/avr/4.1.2/../../../../avr/lib/avr5/crtm162.o
 *(.init2)
 *(.init3)
 *(.init3)
 *(.init4)
 .init4         0x0000017e       0x16 d:/winavr-20070525/bin/../lib/gcc/avr/4.1.2/avr5\libgcc.a(_copy_data.o)
                0x0000017e                __do_copy_data
 .init4         0x00000194       0x10 d:/winavr-20070525/bin/../lib/gcc/avr/4.1.2/avr5\libgcc.a(_clear_bss.o)
                0x00000194                __do_clear_bss
 *(.init4)
 *(.init5)
 *(.init5)
 *(.init6)
 *(.init6)
 *(.init7)
 *(.init7)
 *(.init8)
 *(.init8)
 *(.init9)
 .init9         0x000001a4        0x8 d:/winavr-20070525/bin/../lib/gcc/avr/4.1.2/../../../../avr/lib/avr5/crtm162.o
 *(.init9)
 *(.text)
 .text          0x000001ac        0x4 d:/winavr-20070525/bin/../lib/gcc/avr/4.1.2/../../../../avr/lib/avr5/crtm162.o
                0x000001ac                __vector_22
                0x000001ac                __vector_1
                0x000001ac                __vector_24
                0x000001ac                __vector_12
                0x000001ac                __bad_interrupt
                0x000001ac                __vector_6
                0x000001ac                __vector_3
                0x000001ac                __vector_23
                0x000001ac                __vector_25
                0x000001ac                __vector_11
                0x000001ac                __vector_13
                0x000001ac                __vector_17
                0x000001ac                __vector_19
                0x000001ac                __vector_7
                0x000001ac                __vector_27
                0x000001ac                __vector_5
                0x000001ac                __vector_4
                0x000001ac                __vector_9
                0x000001ac                __vector_2
                0x000001ac                __vector_21
                0x000001ac                __vector_15
                0x000001ac                __vector_8
                0x000001ac                __vector_26
                0x000001ac                __vector_14
                0x000001ac                __vector_10
                0x000001ac                __vector_16
                0x000001ac                __vector_18
                0x000001ac                __vector_20
 .text          0x000001b0        0x4 main.o
                0x000001b0                main
 .text          0x000001b4      0x308 lcd.o
                0x00000208                lcd_SendInstr
                0x00000340                lcd_UpdateText
                0x00000260                lcd_GoToAdr
                0x000001ec                lcd_SendData
                0x00000436                lcd_Update
                0x00000254                lcd_UpdateStatus
                0x000001d0                lcd_WaitBF
                0x00000458                lcd_Cls
                0x00000266                lcd_UpdateCurPos
                0x000003b0                lcd_PrepareSpec
                0x000001b4                lcd_GetBF
                0x00000290                lcd_UpdateCGRAM
                0x0000046e                lcd_Init
                0x0000024e                lcd_SetStatus
                0x0000028a                lcd_GetFile
 .text          0x000004bc       0x64 langsys.o
                0x000004f0                langsys_GetSpec
                0x00000504                langsys_GetText
                0x000004c8                langsys_GetSelected
                0x000004bc                langsys_GetNumOfLangs
                0x000004c2                langsys_Select
                0x000004d0                langsys_GetLangName
 .text          0x00000520       0x72 system.o
                0x00000520                system_run
 .text          0x00000592       0x1c app.o
                0x00000592                app_run
 .text          0x000005ae        0x0 d:/winavr-20070525/bin/../lib/gcc/avr/4.1.2/avr5\libgcc.a(_exit.o)
 .text          0x000005ae        0x0 d:/winavr-20070525/bin/../lib/gcc/avr/4.1.2/avr5\libgcc.a(_copy_data.o)
 .text          0x000005ae        0x0 d:/winavr-20070525/bin/../lib/gcc/avr/4.1.2/avr5\libgcc.a(_clear_bss.o)
 .text          0x000005ae        0xe d:/winavr-20070525/bin/../lib/gcc/avr/4.1.2/../../../../avr/lib/avr5\libc.a(memset.o)
                0x000005ae                memset
 .text          0x000005bc       0x56 d:/winavr-20070525/bin/../lib/gcc/avr/4.1.2/../../../../avr/lib/avr5\libc.a(fputs_p.o)
                0x000005bc                fputs_P
                0x00000612                . = ALIGN (0x2)
 *(.text.*)
 .text.libgcc   0x00000612        0x0 d:/winavr-20070525/bin/../lib/gcc/avr/4.1.2/avr5\libgcc.a(_exit.o)
 .text.libgcc   0x00000612        0x0 d:/winavr-20070525/bin/../lib/gcc/avr/4.1.2/avr5\libgcc.a(_copy_data.o)
 .text.libgcc   0x00000612        0x0 d:/winavr-20070525/bin/../lib/gcc/avr/4.1.2/avr5\libgcc.a(_clear_bss.o)
                0x00000612                . = ALIGN (0x2)
 *(.fini9)
 .fini9         0x00000612        0x0 d:/winavr-20070525/bin/../lib/gcc/avr/4.1.2/avr5\libgcc.a(_exit.o)
                0x00000612                exit
                0x00000612                _exit
 *(.fini9)
 *(.fini8)
 *(.fini8)
 *(.fini7)
 *(.fini7)
 *(.fini6)
 *(.fini6)
 *(.fini5)
 *(.fini5)
 *(.fini4)
 *(.fini4)
 *(.fini3)
 *(.fini3)
 *(.fini2)
 *(.fini2)
 *(.fini1)
 *(.fini1)
 *(.fini0)
 .fini0         0x00000612        0x2 d:/winavr-20070525/bin/../lib/gcc/avr/4.1.2/avr5\libgcc.a(_exit.o)
 *(.fini0)
                0x00000614                _etext = .

.data           0x00800100        0xe load address 0x00000614
                0x00800100                PROVIDE (__data_start, .)
 *(.data)
 .data          0x00800100        0x0 d:/winavr-20070525/bin/../lib/gcc/avr/4.1.2/../../../../avr/lib/avr5/crtm162.o
 .data          0x00800100        0x0 main.o
 .data          0x00800100        0xe lcd.o
 .data          0x0080010e        0x0 langsys.o
 .data          0x0080010e        0x0 system.o
 .data          0x0080010e        0x0 app.o
 .data          0x0080010e        0x0 d:/winavr-20070525/bin/../lib/gcc/avr/4.1.2/avr5\libgcc.a(_exit.o)
 .data          0x0080010e        0x0 d:/winavr-20070525/bin/../lib/gcc/avr/4.1.2/avr5\libgcc.a(_copy_data.o)
 .data          0x0080010e        0x0 d:/winavr-20070525/bin/../lib/gcc/avr/4.1.2/avr5\libgcc.a(_clear_bss.o)
 .data          0x0080010e        0x0 d:/winavr-20070525/bin/../lib/gcc/avr/4.1.2/../../../../avr/lib/avr5\libc.a(memset.o)
 .data          0x0080010e        0x0 d:/winavr-20070525/bin/../lib/gcc/avr/4.1.2/../../../../avr/lib/avr5\libc.a(fputs_p.o)
 *(.data*)
 *(.rodata)
 *(.rodata*)
 *(.gnu.linkonce.d*)
                0x0080010e                . = ALIGN (0x2)
                0x0080010e                _edata = .
                0x0080010e                PROVIDE (__data_end, .)

.bss            0x0080010e       0x2b
                0x0080010e                PROVIDE (__bss_start, .)
 *(.bss)
 .bss           0x0080010e        0x0 d:/winavr-20070525/bin/../lib/gcc/avr/4.1.2/../../../../avr/lib/avr5/crtm162.o
 .bss           0x0080010e        0x0 main.o
 .bss           0x0080010e       0x2a lcd.o
 .bss           0x00800138        0x1 langsys.o
 .bss           0x00800139        0x0 system.o
 .bss           0x00800139        0x0 app.o
 .bss           0x00800139        0x0 d:/winavr-20070525/bin/../lib/gcc/avr/4.1.2/avr5\libgcc.a(_exit.o)
 .bss           0x00800139        0x0 d:/winavr-20070525/bin/../lib/gcc/avr/4.1.2/avr5\libgcc.a(_copy_data.o)
 .bss           0x00800139        0x0 d:/winavr-20070525/bin/../lib/gcc/avr/4.1.2/avr5\libgcc.a(_clear_bss.o)
 .bss           0x00800139        0x0 d:/winavr-20070525/bin/../lib/gcc/avr/4.1.2/../../../../avr/lib/avr5\libc.a(memset.o)
 .bss           0x00800139        0x0 d:/winavr-20070525/bin/../lib/gcc/avr/4.1.2/../../../../avr/lib/avr5\libc.a(fputs_p.o)
 *(.bss*)
 *(COMMON)
                0x00800139                PROVIDE (__bss_end, .)
                0x00000614                __data_load_start = LOADADDR (.data)
                0x00000622                __data_load_end = (__data_load_start + SIZEOF (.data))

.noinit         0x00800139        0x0
                0x00800139                PROVIDE (__noinit_start, .)
 *(.noinit*)
                0x00800139                PROVIDE (__noinit_end, .)
                0x00800139                _end = .
                0x00800139                PROVIDE (__heap_start, .)

.eeprom         0x00810000        0x0
 *(.eeprom*)
                0x00810000                __eeprom_end = .

.stab           0x00000000      0x378
 *(.stab)
 .stab          0x00000000      0x378 d:/winavr-20070525/bin/../lib/gcc/avr/4.1.2/../../../../avr/lib/avr5/crtm162.o

.stabstr        0x00000000       0x71
 *(.stabstr)
 .stabstr       0x00000000       0x71 d:/winavr-20070525/bin/../lib/gcc/avr/4.1.2/../../../../avr/lib/avr5/crtm162.o

.stab.excl
 *(.stab.excl)

.stab.exclstr
 *(.stab.exclstr)

.stab.index
 *(.stab.index)

.stab.indexstr
 *(.stab.indexstr)

.comment
 *(.comment)

.debug
 *(.debug)

.line
 *(.line)

.debug_srcinfo
 *(.debug_srcinfo)

.debug_sfnames
 *(.debug_sfnames)

.debug_aranges  0x00000000       0xa0
 *(.debug_aranges)
 .debug_aranges
                0x00000000       0x20 main.o
 .debug_aranges
                0x00000020       0x20 lcd.o
 .debug_aranges
                0x00000040       0x20 langsys.o
 .debug_aranges
                0x00000060       0x20 system.o
 .debug_aranges
                0x00000080       0x20 app.o

.debug_pubnames
                0x00000000      0x27e
 *(.debug_pubnames)
 .debug_pubnames
                0x00000000       0x1b main.o
 .debug_pubnames
                0x0000001b      0x111 lcd.o
 .debug_pubnames
                0x0000012c      0x113 langsys.o
 .debug_pubnames
                0x0000023f       0x21 system.o
 .debug_pubnames
                0x00000260       0x1e app.o

.debug_info     0x00000000      0xe89
 *(.debug_info)
 .debug_info    0x00000000       0x76 main.o
 .debug_info    0x00000076      0x8bf lcd.o
 .debug_info    0x00000935      0x393 langsys.o
 .debug_info    0x00000cc8      0x109 system.o
 .debug_info    0x00000dd1       0xb8 app.o
 *(.gnu.linkonce.wi.*)

.debug_abbrev   0x00000000      0x4fd
 *(.debug_abbrev)
 .debug_abbrev  0x00000000       0x41 main.o
 .debug_abbrev  0x00000041      0x302 lcd.o
 .debug_abbrev  0x00000343      0x112 langsys.o
 .debug_abbrev  0x00000455       0x69 system.o
 .debug_abbrev  0x000004be       0x3f app.o

.debug_line     0x00000000      0x9d8
 *(.debug_line)
 .debug_line    0x00000000       0x9d main.o
 .debug_line    0x0000009d      0x4c5 lcd.o
 .debug_line    0x00000562      0x1b5 langsys.o
 .debug_line    0x00000717      0x196 system.o
 .debug_line    0x000008ad      0x12b app.o

.debug_frame    0x00000000      0x200
 *(.debug_frame)
 .debug_frame   0x00000000       0x20 main.o
 .debug_frame   0x00000020      0x130 lcd.o
 .debug_frame   0x00000150       0x70 langsys.o
 .debug_frame   0x000001c0       0x20 system.o
 .debug_frame   0x000001e0       0x20 app.o

.debug_str      0x00000000      0x3fa
 *(.debug_str)
 .debug_str     0x00000000       0x9f main.o
                                 0xd3 (size before relaxing)
 .debug_str     0x0000009f      0x228 lcd.o
                                0x31a (size before relaxing)
 .debug_str     0x000002c7      0x111 langsys.o
                                0x237 (size before relaxing)
 .debug_str     0x000003d8       0x14 system.o
                                0x11a (size before relaxing)
 .debug_str     0x000003ec        0xe app.o
                                0x114 (size before relaxing)

.debug_loc      0x00000000      0x1e8
 *(.debug_loc)
 .debug_loc     0x00000000      0x1b7 lcd.o
 .debug_loc     0x000001b7       0x31 langsys.o

.debug_macinfo
 *(.debug_macinfo)
OUTPUT(menu.elf elf32-avr)
LOAD linker stubs

Cross Reference Table

Symbol                                            File
EN_strDisplay                                     langsys.o
EN_strStart                                       langsys.o
PL_lcdspec                                        langsys.o
PL_strDisplay                                     langsys.o
PL_strStart                                       langsys.o
__bad_interrupt                                   d:/winavr-20070525/bin/../lib/gcc/avr/4.1.2/../../../../avr/lib/avr5/crtm162.o
__bss_end                                         d:/winavr-20070525/bin/../lib/gcc/avr/4.1.2/avr5\libgcc.a(_clear_bss.o)
__bss_start                                       d:/winavr-20070525/bin/../lib/gcc/avr/4.1.2/avr5\libgcc.a(_clear_bss.o)
__data_end                                        d:/winavr-20070525/bin/../lib/gcc/avr/4.1.2/avr5\libgcc.a(_copy_data.o)
__data_load_start                                 d:/winavr-20070525/bin/../lib/gcc/avr/4.1.2/avr5\libgcc.a(_copy_data.o)
__data_start                                      d:/winavr-20070525/bin/../lib/gcc/avr/4.1.2/avr5\libgcc.a(_copy_data.o)
__do_clear_bss                                    d:/winavr-20070525/bin/../lib/gcc/avr/4.1.2/avr5\libgcc.a(_clear_bss.o)
                                                  d:/winavr-20070525/bin/../lib/gcc/avr/4.1.2/../../../../avr/lib/avr5\libc.a(fputs_p.o)
                                                  app.o
                                                  system.o
                                                  langsys.o
                                                  lcd.o
                                                  main.o
__do_copy_data                                    d:/winavr-20070525/bin/../lib/gcc/avr/4.1.2/avr5\libgcc.a(_copy_data.o)
                                                  d:/winavr-20070525/bin/../lib/gcc/avr/4.1.2/../../../../avr/lib/avr5\libc.a(fputs_p.o)
                                                  app.o
                                                  system.o
                                                  langsys.o
                                                  lcd.o
                                                  main.o
__heap_end                                        d:/winavr-20070525/bin/../lib/gcc/avr/4.1.2/../../../../avr/lib/avr5/crtm162.o
__init                                            d:/winavr-20070525/bin/../lib/gcc/avr/4.1.2/../../../../avr/lib/avr5/crtm162.o
__stack                                           d:/winavr-20070525/bin/../lib/gcc/avr/4.1.2/../../../../avr/lib/avr5/crtm162.o
__vector_1                                        d:/winavr-20070525/bin/../lib/gcc/avr/4.1.2/../../../../avr/lib/avr5/crtm162.o
__vector_10                                       d:/winavr-20070525/bin/../lib/gcc/avr/4.1.2/../../../../avr/lib/avr5/crtm162.o
__vector_11                                       d:/winavr-20070525/bin/../lib/gcc/avr/4.1.2/../../../../avr/lib/avr5/crtm162.o
__vector_12                                       d:/winavr-20070525/bin/../lib/gcc/avr/4.1.2/../../../../avr/lib/avr5/crtm162.o
__vector_13                                       d:/winavr-20070525/bin/../lib/gcc/avr/4.1.2/../../../../avr/lib/avr5/crtm162.o
__vector_14                                       d:/winavr-20070525/bin/../lib/gcc/avr/4.1.2/../../../../avr/lib/avr5/crtm162.o
__vector_15                                       d:/winavr-20070525/bin/../lib/gcc/avr/4.1.2/../../../../avr/lib/avr5/crtm162.o
__vector_16                                       d:/winavr-20070525/bin/../lib/gcc/avr/4.1.2/../../../../avr/lib/avr5/crtm162.o
__vector_17                                       d:/winavr-20070525/bin/../lib/gcc/avr/4.1.2/../../../../avr/lib/avr5/crtm162.o
__vector_18                                       d:/winavr-20070525/bin/../lib/gcc/avr/4.1.2/../../../../avr/lib/avr5/crtm162.o
__vector_19                                       d:/winavr-20070525/bin/../lib/gcc/avr/4.1.2/../../../../avr/lib/avr5/crtm162.o
__vector_2                                        d:/winavr-20070525/bin/../lib/gcc/avr/4.1.2/../../../../avr/lib/avr5/crtm162.o
__vector_20                                       d:/winavr-20070525/bin/../lib/gcc/avr/4.1.2/../../../../avr/lib/avr5/crtm162.o
__vector_21                                       d:/winavr-20070525/bin/../lib/gcc/avr/4.1.2/../../../../avr/lib/avr5/crtm162.o
__vector_22                                       d:/winavr-20070525/bin/../lib/gcc/avr/4.1.2/../../../../avr/lib/avr5/crtm162.o
__vector_23                                       d:/winavr-20070525/bin/../lib/gcc/avr/4.1.2/../../../../avr/lib/avr5/crtm162.o
__vector_24                                       d:/winavr-20070525/bin/../lib/gcc/avr/4.1.2/../../../../avr/lib/avr5/crtm162.o
__vector_25                                       d:/winavr-20070525/bin/../lib/gcc/avr/4.1.2/../../../../avr/lib/avr5/crtm162.o
__vector_26                                       d:/winavr-20070525/bin/../lib/gcc/avr/4.1.2/../../../../avr/lib/avr5/crtm162.o
__vector_27                                       d:/winavr-20070525/bin/../lib/gcc/avr/4.1.2/../../../../avr/lib/avr5/crtm162.o
__vector_3                                        d:/winavr-20070525/bin/../lib/gcc/avr/4.1.2/../../../../avr/lib/avr5/crtm162.o
__vector_4                                        d:/winavr-20070525/bin/../lib/gcc/avr/4.1.2/../../../../avr/lib/avr5/crtm162.o
__vector_5                                        d:/winavr-20070525/bin/../lib/gcc/avr/4.1.2/../../../../avr/lib/avr5/crtm162.o
__vector_6                                        d:/winavr-20070525/bin/../lib/gcc/avr/4.1.2/../../../../avr/lib/avr5/crtm162.o
__vector_7                                        d:/winavr-20070525/bin/../lib/gcc/avr/4.1.2/../../../../avr/lib/avr5/crtm162.o
__vector_8                                        d:/winavr-20070525/bin/../lib/gcc/avr/4.1.2/../../../../avr/lib/avr5/crtm162.o
__vector_9                                        d:/winavr-20070525/bin/../lib/gcc/avr/4.1.2/../../../../avr/lib/avr5/crtm162.o
__vector_default                                  d:/winavr-20070525/bin/../lib/gcc/avr/4.1.2/../../../../avr/lib/avr5/crtm162.o
__vectors                                         d:/winavr-20070525/bin/../lib/gcc/avr/4.1.2/../../../../avr/lib/avr5/crtm162.o
_exit                                             d:/winavr-20070525/bin/../lib/gcc/avr/4.1.2/avr5\libgcc.a(_exit.o)
app_run                                           app.o
                                                  system.o
exit                                              d:/winavr-20070525/bin/../lib/gcc/avr/4.1.2/avr5\libgcc.a(_exit.o)
                                                  d:/winavr-20070525/bin/../lib/gcc/avr/4.1.2/../../../../avr/lib/avr5/crtm162.o
fputs_P                                           d:/winavr-20070525/bin/../lib/gcc/avr/4.1.2/../../../../avr/lib/avr5\libc.a(fputs_p.o)
                                                  app.o
                                                  system.o
langsys_GetLangName                               langsys.o
                                                  system.o
langsys_GetNumOfLangs                             langsys.o
langsys_GetSelected                               langsys.o
langsys_GetSpec                                   langsys.o
                                                  lcd.o
langsys_GetText                                   langsys.o
                                                  app.o
langsys_Select                                    langsys.o
langsys_lcdspec                                   langsys.o
langsys_strTable                                  langsys.o
lcd_Cls                                           lcd.o
                                                  app.o
lcd_GetBF                                         lcd.o
lcd_GetFile                                       lcd.o
                                                  app.o
                                                  system.o
lcd_GoToAdr                                       lcd.o
                                                  system.o
lcd_Init                                          lcd.o
                                                  system.o
lcd_PrepareSpec                                   lcd.o
lcd_SendData                                      lcd.o
lcd_SendInstr                                     lcd.o
lcd_SetStatus                                     lcd.o
                                                  system.o
lcd_Update                                        lcd.o
                                                  app.o
                                                  system.o
lcd_UpdateCGRAM                                   lcd.o
lcd_UpdateCurPos                                  lcd.o
lcd_UpdateStatus                                  lcd.o
lcd_UpdateText                                    lcd.o
lcd_WaitBF                                        lcd.o
main                                              main.o
                                                  d:/winavr-20070525/bin/../lib/gcc/avr/4.1.2/../../../../avr/lib/avr5/crtm162.o
memset                                            d:/winavr-20070525/bin/../lib/gcc/avr/4.1.2/../../../../avr/lib/avr5\libc.a(memset.o)
                                                  lcd.o
system_run                                        system.o
                                                  main.o
