Archive member included because of file (symbol)

c:/winavr-20100110/bin/../lib/gcc/avr/4.3.3/../../../../avr/lib/avr5\libm.a(floatsisf.o)
                              ds18b20.o (__floatsisf)
c:/winavr-20100110/bin/../lib/gcc/avr/4.3.3/../../../../avr/lib/avr5\libm.a(mulsf3.o)
                              ds18b20.o (__mulsf3)
c:/winavr-20100110/bin/../lib/gcc/avr/4.3.3/../../../../avr/lib/avr5\libm.a(mulsf3x.o)
                              c:/winavr-20100110/bin/../lib/gcc/avr/4.3.3/../../../../avr/lib/avr5\libm.a(mulsf3.o) (__mulsf3x)
c:/winavr-20100110/bin/../lib/gcc/avr/4.3.3/../../../../avr/lib/avr5\libm.a(fp_inf.o)
                              c:/winavr-20100110/bin/../lib/gcc/avr/4.3.3/../../../../avr/lib/avr5\libm.a(mulsf3x.o) (__fp_inf)
c:/winavr-20100110/bin/../lib/gcc/avr/4.3.3/../../../../avr/lib/avr5\libm.a(fp_nan.o)
                              c:/winavr-20100110/bin/../lib/gcc/avr/4.3.3/../../../../avr/lib/avr5\libm.a(mulsf3x.o) (__fp_nan)
c:/winavr-20100110/bin/../lib/gcc/avr/4.3.3/../../../../avr/lib/avr5\libm.a(fp_pscA.o)
                              c:/winavr-20100110/bin/../lib/gcc/avr/4.3.3/../../../../avr/lib/avr5\libm.a(mulsf3x.o) (__fp_pscA)
c:/winavr-20100110/bin/../lib/gcc/avr/4.3.3/../../../../avr/lib/avr5\libm.a(fp_pscB.o)
                              c:/winavr-20100110/bin/../lib/gcc/avr/4.3.3/../../../../avr/lib/avr5\libm.a(mulsf3x.o) (__fp_pscB)
c:/winavr-20100110/bin/../lib/gcc/avr/4.3.3/../../../../avr/lib/avr5\libm.a(fp_round.o)
                              c:/winavr-20100110/bin/../lib/gcc/avr/4.3.3/../../../../avr/lib/avr5\libm.a(mulsf3.o) (__fp_round)
c:/winavr-20100110/bin/../lib/gcc/avr/4.3.3/../../../../avr/lib/avr5\libm.a(fp_split3.o)
                              c:/winavr-20100110/bin/../lib/gcc/avr/4.3.3/../../../../avr/lib/avr5\libm.a(mulsf3x.o) (__fp_split3)
c:/winavr-20100110/bin/../lib/gcc/avr/4.3.3/../../../../avr/lib/avr5\libm.a(fp_zero.o)
                              c:/winavr-20100110/bin/../lib/gcc/avr/4.3.3/../../../../avr/lib/avr5\libm.a(mulsf3x.o) (__fp_szero)
c:/winavr-20100110/bin/../lib/gcc/avr/4.3.3/avr5\libgcc.a(_exit.o)
                              c:/winavr-20100110/bin/../lib/gcc/avr/4.3.3/../../../../avr/lib/avr5/crtm162.o (exit)
c:/winavr-20100110/bin/../lib/gcc/avr/4.3.3/avr5\libgcc.a(_copy_data.o)
                              main.o (__do_copy_data)
c:/winavr-20100110/bin/../lib/gcc/avr/4.3.3/avr5\libgcc.a(_clear_bss.o)
                              main.o (__do_clear_bss)
c:/winavr-20100110/bin/../lib/gcc/avr/4.3.3/../../../../avr/lib/avr5\libc.a(dtostrf.o)
                              main.o (dtostrf)
c:/winavr-20100110/bin/../lib/gcc/avr/4.3.3/../../../../avr/lib/avr5\libc.a(fdevopen.o)
                              main.o (fdevopen)
c:/winavr-20100110/bin/../lib/gcc/avr/4.3.3/../../../../avr/lib/avr5\libc.a(iob.o)
                              c:/winavr-20100110/bin/../lib/gcc/avr/4.3.3/../../../../avr/lib/avr5\libc.a(fdevopen.o) (__iob)
c:/winavr-20100110/bin/../lib/gcc/avr/4.3.3/../../../../avr/lib/avr5\libc.a(puts.o)
                              main.o (puts)
c:/winavr-20100110/bin/../lib/gcc/avr/4.3.3/../../../../avr/lib/avr5\libc.a(calloc.o)
                              c:/winavr-20100110/bin/../lib/gcc/avr/4.3.3/../../../../avr/lib/avr5\libc.a(fdevopen.o) (calloc)
c:/winavr-20100110/bin/../lib/gcc/avr/4.3.3/../../../../avr/lib/avr5\libc.a(dtoa_prf.o)
                              c:/winavr-20100110/bin/../lib/gcc/avr/4.3.3/../../../../avr/lib/avr5\libc.a(dtostrf.o) (dtoa_prf)
c:/winavr-20100110/bin/../lib/gcc/avr/4.3.3/../../../../avr/lib/avr5\libc.a(malloc.o)
                              c:/winavr-20100110/bin/../lib/gcc/avr/4.3.3/../../../../avr/lib/avr5\libc.a(calloc.o) (malloc)
c:/winavr-20100110/bin/../lib/gcc/avr/4.3.3/../../../../avr/lib/avr5\libc.a(ftoa_engine.o)
                              c:/winavr-20100110/bin/../lib/gcc/avr/4.3.3/../../../../avr/lib/avr5\libc.a(dtoa_prf.o) (__ftoa_engine)
c:/winavr-20100110/bin/../lib/gcc/avr/4.3.3/../../../../avr/lib/avr5\libc.a(memset.o)
                              c:/winavr-20100110/bin/../lib/gcc/avr/4.3.3/../../../../avr/lib/avr5\libc.a(calloc.o) (memset)
c:/winavr-20100110/bin/../lib/gcc/avr/4.3.3/avr5\libgcc.a(_prologue.o)
                              c:/winavr-20100110/bin/../lib/gcc/avr/4.3.3/../../../../avr/lib/avr5\libc.a(dtoa_prf.o) (__prologue_saves__)
c:/winavr-20100110/bin/../lib/gcc/avr/4.3.3/avr5\libgcc.a(_epilogue.o)
                              c:/winavr-20100110/bin/../lib/gcc/avr/4.3.3/../../../../avr/lib/avr5\libc.a(dtoa_prf.o) (__epilogue_restores__)

Allocating common symbols
Common symbol       size              file

__brkval            0x2               c:/winavr-20100110/bin/../lib/gcc/avr/4.3.3/../../../../avr/lib/avr5\libc.a(malloc.o)
__flp               0x2               c:/winavr-20100110/bin/../lib/gcc/avr/4.3.3/../../../../avr/lib/avr5\libc.a(malloc.o)
__iob               0x6               c:/winavr-20100110/bin/../lib/gcc/avr/4.3.3/../../../../avr/lib/avr5\libc.a(iob.o)
bufor1w             0x8               main.o
pbufor1w            0x2               main.o

Memory Configuration

Name             Origin             Length             Attributes
text             0x00000000         0x00020000         xr
data             0x00800060         0x0000ffa0         rw !x
eeprom           0x00810000         0x00010000         rw !x
fuse             0x00820000         0x00000400         rw !x
lock             0x00830000         0x00000400         rw !x
signature        0x00840000         0x00000400         rw !x
*default*        0x00000000         0xffffffff

Linker script and memory map

Address of section .data set to 0x800100
LOAD c:/winavr-20100110/bin/../lib/gcc/avr/4.3.3/../../../../avr/lib/avr5/crtm162.o
LOAD main.o
LOAD 1wire_2.o
LOAD rs.o
LOAD ds18b20.o
LOAD c:/winavr-20100110/bin/../lib/gcc/avr/4.3.3/../../../../avr/lib/avr5\libm.a
LOAD c:/winavr-20100110/bin/../lib/gcc/avr/4.3.3/avr5\libgcc.a
LOAD c:/winavr-20100110/bin/../lib/gcc/avr/4.3.3/../../../../avr/lib/avr5\libc.a
LOAD c:/winavr-20100110/bin/../lib/gcc/avr/4.3.3/avr5\libgcc.a

.hash
 *(.hash)

.dynsym
 *(.dynsym)

.dynstr
 *(.dynstr)

.gnu.version
 *(.gnu.version)

.gnu.version_d
 *(.gnu.version_d)

.gnu.version_r
 *(.gnu.version_r)

.rel.init
 *(.rel.init)

.rela.init
 *(.rela.init)

.rel.text
 *(.rel.text)
 *(.rel.text.*)
 *(.rel.gnu.linkonce.t*)

.rela.text
 *(.rela.text)
 *(.rela.text.*)
 *(.rela.gnu.linkonce.t*)

.rel.fini
 *(.rel.fini)

.rela.fini
 *(.rela.fini)

.rel.rodata
 *(.rel.rodata)
 *(.rel.rodata.*)
 *(.rel.gnu.linkonce.r*)

.rela.rodata
 *(.rela.rodata)
 *(.rela.rodata.*)
 *(.rela.gnu.linkonce.r*)

.rel.data
 *(.rel.data)
 *(.rel.data.*)
 *(.rel.gnu.linkonce.d*)

.rela.data
 *(.rela.data)
 *(.rela.data.*)
 *(.rela.gnu.linkonce.d*)

.rel.ctors
 *(.rel.ctors)

.rela.ctors
 *(.rela.ctors)

.rel.dtors
 *(.rel.dtors)

.rela.dtors
 *(.rela.dtors)

.rel.got
 *(.rel.got)

.rela.got
 *(.rela.got)

.rel.bss
 *(.rel.bss)

.rela.bss
 *(.rela.bss)

.rel.plt
 *(.rel.plt)

.rela.plt
 *(.rela.plt)

.text           0x00000000      0xf9c
 *(.vectors)
 .vectors       0x00000000       0x70 c:/winavr-20100110/bin/../lib/gcc/avr/4.3.3/../../../../avr/lib/avr5/crtm162.o
                0x00000000                __vectors
                0x00000000                __vector_default
 *(.vectors)
 *(.progmem.gcc*)
 *(.progmem*)
 .progmem.data  0x00000070       0xfa c:/winavr-20100110/bin/../lib/gcc/avr/4.3.3/../../../../avr/lib/avr5\libc.a(ftoa_engine.o)
                0x0000016a                . = ALIGN (0x2)
                0x0000016a                __trampolines_start = .
 *(.trampolines)
 .trampolines   0x0000016a        0x0 linker stubs
 *(.trampolines*)
                0x0000016a                __trampolines_end = .
 *(.jumptables)
 *(.jumptables*)
 *(.lowtext)
 *(.lowtext*)
                0x0000016a                __ctors_start = .
 *(.ctors)
                0x0000016a                __ctors_end = .
                0x0000016a                __dtors_start = .
 *(.dtors)
                0x0000016a                __dtors_end = .
 SORT(*)(.ctors)
 SORT(*)(.dtors)
 *(.init0)
 .init0         0x0000016a        0x0 c:/winavr-20100110/bin/../lib/gcc/avr/4.3.3/../../../../avr/lib/avr5/crtm162.o
                0x0000016a                __init
 *(.init0)
 *(.init1)
 *(.init1)
 *(.init2)
 .init2         0x0000016a        0xc c:/winavr-20100110/bin/../lib/gcc/avr/4.3.3/../../../../avr/lib/avr5/crtm162.o
 *(.init2)
 *(.init3)
 *(.init3)
 *(.init4)
 .init4         0x00000176       0x16 c:/winavr-20100110/bin/../lib/gcc/avr/4.3.3/avr5\libgcc.a(_copy_data.o)
                0x00000176                __do_copy_data
 .init4         0x0000018c       0x10 c:/winavr-20100110/bin/../lib/gcc/avr/4.3.3/avr5\libgcc.a(_clear_bss.o)
                0x0000018c                __do_clear_bss
 *(.init4)
 *(.init5)
 *(.init5)
 *(.init6)
 *(.init6)
 *(.init7)
 *(.init7)
 *(.init8)
 *(.init8)
 *(.init9)
 .init9         0x0000019c        0x8 c:/winavr-20100110/bin/../lib/gcc/avr/4.3.3/../../../../avr/lib/avr5/crtm162.o
 *(.init9)
 *(.text)
 .text          0x000001a4        0x4 c:/winavr-20100110/bin/../lib/gcc/avr/4.3.3/../../../../avr/lib/avr5/crtm162.o
                0x000001a4                __vector_22
                0x000001a4                __vector_1
                0x000001a4                __vector_24
                0x000001a4                __vector_12
                0x000001a4                __bad_interrupt
                0x000001a4                __vector_6
                0x000001a4                __vector_3
                0x000001a4                __vector_23
                0x000001a4                __vector_25
                0x000001a4                __vector_11
                0x000001a4                __vector_13
                0x000001a4                __vector_17
                0x000001a4                __vector_19
                0x000001a4                __vector_7
                0x000001a4                __vector_27
                0x000001a4                __vector_5
                0x000001a4                __vector_4
                0x000001a4                __vector_9
                0x000001a4                __vector_2
                0x000001a4                __vector_21
                0x000001a4                __vector_15
                0x000001a4                __vector_8
                0x000001a4                __vector_26
                0x000001a4                __vector_14
                0x000001a4                __vector_10
                0x000001a4                __vector_16
                0x000001a4                __vector_18
                0x000001a4                __vector_20
 .text          0x000001a8       0xbe main.o
                0x000001a8                main
 .text          0x00000266      0x1a0 1wire_2.o
                0x000002b6                send_byte
                0x00000386                READ_ROM
                0x00000344                SEARCH_ROM
                0x00000266                RESET_PULSE
                0x00000288                send
                0x000002a0                read
                0x000002f4                read_byte
                0x000003fe                SKIP_ROM
                0x000003c8                MATCH_ROM
 .text          0x00000406       0x16 rs.o
                0x00000406                rs_put
                0x00000412                rs_get
 .text          0x0000041c      0x124 ds18b20.o
                0x000004fe                READ_SCRATCHPAD
                0x00000424                RECALL
                0x0000041c                READ_POWER_SUPPLY
                0x00000434                WRITE_SCRATCHPAD
                0x00000492                TEMP_READ
                0x0000042c                COPY_SCRATCHPAD
                0x0000048a                CONVERT_T
 .text          0x00000540        0x0 c:/winavr-20100110/bin/../lib/gcc/avr/4.3.3/../../../../avr/lib/avr5\libm.a(floatsisf.o)
 .text          0x00000540        0x0 c:/winavr-20100110/bin/../lib/gcc/avr/4.3.3/../../../../avr/lib/avr5\libm.a(mulsf3.o)
 .text          0x00000540        0x0 c:/winavr-20100110/bin/../lib/gcc/avr/4.3.3/../../../../avr/lib/avr5\libm.a(mulsf3x.o)
 .text          0x00000540        0x0 c:/winavr-20100110/bin/../lib/gcc/avr/4.3.3/../../../../avr/lib/avr5\libm.a(fp_inf.o)
 .text          0x00000540        0x0 c:/winavr-20100110/bin/../lib/gcc/avr/4.3.3/../../../../avr/lib/avr5\libm.a(fp_nan.o)
 .text          0x00000540        0x0 c:/winavr-20100110/bin/../lib/gcc/avr/4.3.3/../../../../avr/lib/avr5\libm.a(fp_pscA.o)
 .text          0x00000540        0x0 c:/winavr-20100110/bin/../lib/gcc/avr/4.3.3/../../../../avr/lib/avr5\libm.a(fp_pscB.o)
 .text          0x00000540        0x0 c:/winavr-20100110/bin/../lib/gcc/avr/4.3.3/../../../../avr/lib/avr5\libm.a(fp_round.o)
 .text          0x00000540        0x0 c:/winavr-20100110/bin/../lib/gcc/avr/4.3.3/../../../../avr/lib/avr5\libm.a(fp_split3.o)
 .text          0x00000540        0x0 c:/winavr-20100110/bin/../lib/gcc/avr/4.3.3/../../../../avr/lib/avr5\libm.a(fp_zero.o)
 .text          0x00000540        0x0 c:/winavr-20100110/bin/../lib/gcc/avr/4.3.3/avr5\libgcc.a(_exit.o)
 .text          0x00000540        0x0 c:/winavr-20100110/bin/../lib/gcc/avr/4.3.3/avr5\libgcc.a(_copy_data.o)
 .text          0x00000540        0x0 c:/winavr-20100110/bin/../lib/gcc/avr/4.3.3/avr5\libgcc.a(_clear_bss.o)
 .text          0x00000540        0x0 c:/winavr-20100110/bin/../lib/gcc/avr/4.3.3/../../../../avr/lib/avr5\libc.a(dtostrf.o)
 .text          0x00000540        0x0 c:/winavr-20100110/bin/../lib/gcc/avr/4.3.3/../../../../avr/lib/avr5\libc.a(fdevopen.o)
 .text          0x00000540        0x0 c:/winavr-20100110/bin/../lib/gcc/avr/4.3.3/../../../../avr/lib/avr5\libc.a(iob.o)
 .text          0x00000540        0x0 c:/winavr-20100110/bin/../lib/gcc/avr/4.3.3/../../../../avr/lib/avr5\libc.a(puts.o)
 .text          0x00000540        0x0 c:/winavr-20100110/bin/../lib/gcc/avr/4.3.3/../../../../avr/lib/avr5\libc.a(calloc.o)
 .text          0x00000540        0x0 c:/winavr-20100110/bin/../lib/gcc/avr/4.3.3/../../../../avr/lib/avr5\libc.a(dtoa_prf.o)
 .text          0x00000540        0x0 c:/winavr-20100110/bin/../lib/gcc/avr/4.3.3/../../../../avr/lib/avr5\libc.a(malloc.o)
 .text          0x00000540        0x0 c:/winavr-20100110/bin/../lib/gcc/avr/4.3.3/../../../../avr/lib/avr5\libc.a(ftoa_engine.o)
 .text          0x00000540        0x0 c:/winavr-20100110/bin/../lib/gcc/avr/4.3.3/../../../../avr/lib/avr5\libc.a(memset.o)
 .text          0x00000540        0x0 c:/winavr-20100110/bin/../lib/gcc/avr/4.3.3/avr5\libgcc.a(_prologue.o)
 .text          0x00000540        0x0 c:/winavr-20100110/bin/../lib/gcc/avr/4.3.3/avr5\libgcc.a(_epilogue.o)
                0x00000540                . = ALIGN (0x2)
 *(.text.*)
 .text.avr-libc.fplib
                0x00000540       0x7a c:/winavr-20100110/bin/../lib/gcc/avr/4.3.3/../../../../avr/lib/avr5\libm.a(floatsisf.o)
                0x00000544                __floatsisf
                0x00000540                __floatunsisf
 .text.avr-libc.fplib
                0x000005ba        0x4 c:/winavr-20100110/bin/../lib/gcc/avr/4.3.3/../../../../avr/lib/avr5\libm.a(mulsf3.o)
                0x000005ba                __mulsf3
 .text.avr-libc.fplib
                0x000005be       0xc2 c:/winavr-20100110/bin/../lib/gcc/avr/4.3.3/../../../../avr/lib/avr5\libm.a(mulsf3x.o)
                0x000005d6                __mulsf3_pse
                0x000005d2                __mulsf3x
 .text.avr-libc.fplib
                0x00000680        0xc c:/winavr-20100110/bin/../lib/gcc/avr/4.3.3/../../../../avr/lib/avr5\libm.a(fp_inf.o)
                0x00000680                __fp_inf
 .text.avr-libc.fplib
                0x0000068c        0x6 c:/winavr-20100110/bin/../lib/gcc/avr/4.3.3/../../../../avr/lib/avr5\libm.a(fp_nan.o)
                0x0000068c                __fp_nan
 .text.avr-libc.fplib
                0x00000692        0xe c:/winavr-20100110/bin/../lib/gcc/avr/4.3.3/../../../../avr/lib/avr5\libm.a(fp_pscA.o)
                0x00000692                __fp_pscA
 .text.avr-libc.fplib
                0x000006a0        0xe c:/winavr-20100110/bin/../lib/gcc/avr/4.3.3/../../../../avr/lib/avr5\libm.a(fp_pscB.o)
                0x000006a0                __fp_pscB
 .text.avr-libc.fplib
                0x000006ae       0x22 c:/winavr-20100110/bin/../lib/gcc/avr/4.3.3/../../../../avr/lib/avr5\libm.a(fp_round.o)
                0x000006ae                __fp_round
 .text.avr-libc.fplib
                0x000006d0       0x44 c:/winavr-20100110/bin/../lib/gcc/avr/4.3.3/../../../../avr/lib/avr5\libm.a(fp_split3.o)
                0x000006d0                __fp_split3
                0x000006e0                __fp_splitA
 .text.avr-libc.fplib
                0x00000714        0xe c:/winavr-20100110/bin/../lib/gcc/avr/4.3.3/../../../../avr/lib/avr5\libm.a(fp_zero.o)
                0x00000714                __fp_zero
                0x00000716                __fp_szero
 .text.libgcc   0x00000722        0x0 c:/winavr-20100110/bin/../lib/gcc/avr/4.3.3/avr5\libgcc.a(_exit.o)
 .text.libgcc   0x00000722        0x0 c:/winavr-20100110/bin/../lib/gcc/avr/4.3.3/avr5\libgcc.a(_copy_data.o)
 .text.libgcc   0x00000722        0x0 c:/winavr-20100110/bin/../lib/gcc/avr/4.3.3/avr5\libgcc.a(_clear_bss.o)
 .text.avr-libc
                0x00000722       0x42 c:/winavr-20100110/bin/../lib/gcc/avr/4.3.3/../../../../avr/lib/avr5\libc.a(dtostrf.o)
                0x00000722                dtostrf
 .text.avr-libc
                0x00000764       0x98 c:/winavr-20100110/bin/../lib/gcc/avr/4.3.3/../../../../avr/lib/avr5\libc.a(fdevopen.o)
                0x00000764                fdevopen
 .text.avr-libc
                0x000007fc       0x6a c:/winavr-20100110/bin/../lib/gcc/avr/4.3.3/../../../../avr/lib/avr5\libc.a(puts.o)
                0x000007fc                puts
 .text.avr-libc
                0x00000866       0x38 c:/winavr-20100110/bin/../lib/gcc/avr/4.3.3/../../../../avr/lib/avr5\libc.a(calloc.o)
                0x00000866                calloc
 .text.avr-libc
                0x0000089e      0x2c4 c:/winavr-20100110/bin/../lib/gcc/avr/4.3.3/../../../../avr/lib/avr5\libc.a(dtoa_prf.o)
                0x0000089e                dtoa_prf
 .text.avr-libc
                0x00000b62      0x20a c:/winavr-20100110/bin/../lib/gcc/avr/4.3.3/../../../../avr/lib/avr5\libc.a(malloc.o)
                0x00000b62                malloc
                0x00000cbc                free
 .text.avr-libc
                0x00000d6c      0x1b0 c:/winavr-20100110/bin/../lib/gcc/avr/4.3.3/../../../../avr/lib/avr5\libc.a(ftoa_engine.o)
                0x00000d6c                __ftoa_engine
 .text.avr-libc
                0x00000f1c        0xe c:/winavr-20100110/bin/../lib/gcc/avr/4.3.3/../../../../avr/lib/avr5\libc.a(memset.o)
                0x00000f1c                memset
 .text.libgcc   0x00000f2a       0x38 c:/winavr-20100110/bin/../lib/gcc/avr/4.3.3/avr5\libgcc.a(_prologue.o)
                0x00000f2a                __prologue_saves__
 .text.libgcc   0x00000f62       0x36 c:/winavr-20100110/bin/../lib/gcc/avr/4.3.3/avr5\libgcc.a(_epilogue.o)
                0x00000f62                __epilogue_restores__
                0x00000f98                . = ALIGN (0x2)
 *(.fini9)
 .fini9         0x00000f98        0x0 c:/winavr-20100110/bin/../lib/gcc/avr/4.3.3/avr5\libgcc.a(_exit.o)
                0x00000f98                exit
                0x00000f98                _exit
 *(.fini9)
 *(.fini8)
 *(.fini8)
 *(.fini7)
 *(.fini7)
 *(.fini6)
 *(.fini6)
 *(.fini5)
 *(.fini5)
 *(.fini4)
 *(.fini4)
 *(.fini3)
 *(.fini3)
 *(.fini2)
 *(.fini2)
 *(.fini1)
 *(.fini1)
 *(.fini0)
 .fini0         0x00000f98        0x4 c:/winavr-20100110/bin/../lib/gcc/avr/4.3.3/avr5\libgcc.a(_exit.o)
 *(.fini0)
                0x00000f9c                _etext = .

.data           0x00800100       0x1c load address 0x00000f9c
                0x00800100                PROVIDE (__data_start, .)
 *(.data)
 .data          0x00800100        0x0 c:/winavr-20100110/bin/../lib/gcc/avr/4.3.3/../../../../avr/lib/avr5/crtm162.o
 .data          0x00800100       0x15 main.o
 .data          0x00800115        0x0 1wire_2.o
 .data          0x00800115        0x0 rs.o
 .data          0x00800115        0x0 ds18b20.o
 .data          0x00800115        0x0 c:/winavr-20100110/bin/../lib/gcc/avr/4.3.3/../../../../avr/lib/avr5\libm.a(floatsisf.o)
 .data          0x00800115        0x0 c:/winavr-20100110/bin/../lib/gcc/avr/4.3.3/../../../../avr/lib/avr5\libm.a(mulsf3.o)
 .data          0x00800115        0x0 c:/winavr-20100110/bin/../lib/gcc/avr/4.3.3/../../../../avr/lib/avr5\libm.a(mulsf3x.o)
 .data          0x00800115        0x0 c:/winavr-20100110/bin/../lib/gcc/avr/4.3.3/../../../../avr/lib/avr5\libm.a(fp_inf.o)
 .data          0x00800115        0x0 c:/winavr-20100110/bin/../lib/gcc/avr/4.3.3/../../../../avr/lib/avr5\libm.a(fp_nan.o)
 .data          0x00800115        0x0 c:/winavr-20100110/bin/../lib/gcc/avr/4.3.3/../../../../avr/lib/avr5\libm.a(fp_pscA.o)
 .data          0x00800115        0x0 c:/winavr-20100110/bin/../lib/gcc/avr/4.3.3/../../../../avr/lib/avr5\libm.a(fp_pscB.o)
 .data          0x00800115        0x0 c:/winavr-20100110/bin/../lib/gcc/avr/4.3.3/../../../../avr/lib/avr5\libm.a(fp_round.o)
 .data          0x00800115        0x0 c:/winavr-20100110/bin/../lib/gcc/avr/4.3.3/../../../../avr/lib/avr5\libm.a(fp_split3.o)
 .data          0x00800115        0x0 c:/winavr-20100110/bin/../lib/gcc/avr/4.3.3/../../../../avr/lib/avr5\libm.a(fp_zero.o)
 .data          0x00800115        0x0 c:/winavr-20100110/bin/../lib/gcc/avr/4.3.3/avr5\libgcc.a(_exit.o)
 .data          0x00800115        0x0 c:/winavr-20100110/bin/../lib/gcc/avr/4.3.3/avr5\libgcc.a(_copy_data.o)
 .data          0x00800115        0x0 c:/winavr-20100110/bin/../lib/gcc/avr/4.3.3/avr5\libgcc.a(_clear_bss.o)
 .data          0x00800115        0x0 c:/winavr-20100110/bin/../lib/gcc/avr/4.3.3/../../../../avr/lib/avr5\libc.a(dtostrf.o)
 .data          0x00800115        0x0 c:/winavr-20100110/bin/../lib/gcc/avr/4.3.3/../../../../avr/lib/avr5\libc.a(fdevopen.o)
 .data          0x00800115        0x0 c:/winavr-20100110/bin/../lib/gcc/avr/4.3.3/../../../../avr/lib/avr5\libc.a(iob.o)
 .data          0x00800115        0x0 c:/winavr-20100110/bin/../lib/gcc/avr/4.3.3/../../../../avr/lib/avr5\libc.a(puts.o)
 .data          0x00800115        0x0 c:/winavr-20100110/bin/../lib/gcc/avr/4.3.3/../../../../avr/lib/avr5\libc.a(calloc.o)
 .data          0x00800115        0x0 c:/winavr-20100110/bin/../lib/gcc/avr/4.3.3/../../../../avr/lib/avr5\libc.a(dtoa_prf.o)
 .data          0x00800115        0x6 c:/winavr-20100110/bin/../lib/gcc/avr/4.3.3/../../../../avr/lib/avr5\libc.a(malloc.o)
                0x00800117                __malloc_heap_start
                0x00800119                __malloc_heap_end
                0x00800115                __malloc_margin
 .data          0x0080011b        0x0 c:/winavr-20100110/bin/../lib/gcc/avr/4.3.3/../../../../avr/lib/avr5\libc.a(ftoa_engine.o)
 .data          0x0080011b        0x0 c:/winavr-20100110/bin/../lib/gcc/avr/4.3.3/../../../../avr/lib/avr5\libc.a(memset.o)
 .data          0x0080011b        0x0 c:/winavr-20100110/bin/../lib/gcc/avr/4.3.3/avr5\libgcc.a(_prologue.o)
 .data          0x0080011b        0x0 c:/winavr-20100110/bin/../lib/gcc/avr/4.3.3/avr5\libgcc.a(_epilogue.o)
 *(.data*)
 *(.rodata)
 *(.rodata*)
 *(.gnu.linkonce.d*)
                0x0080011c                . = ALIGN (0x2)
 *fill*         0x0080011b        0x1 00
                0x0080011c                _edata = .
                0x0080011c                PROVIDE (__data_end, .)

.bss            0x0080011c       0x14
                0x0080011c                PROVIDE (__bss_start, .)
 *(.bss)
 .bss           0x0080011c        0x0 c:/winavr-20100110/bin/../lib/gcc/avr/4.3.3/../../../../avr/lib/avr5/crtm162.o
 .bss           0x0080011c        0x0 main.o
 .bss           0x0080011c        0x0 1wire_2.o
 .bss           0x0080011c        0x0 rs.o
 .bss           0x0080011c        0x0 ds18b20.o
 .bss           0x0080011c        0x0 c:/winavr-20100110/bin/../lib/gcc/avr/4.3.3/../../../../avr/lib/avr5\libm.a(floatsisf.o)
 .bss           0x0080011c        0x0 c:/winavr-20100110/bin/../lib/gcc/avr/4.3.3/../../../../avr/lib/avr5\libm.a(mulsf3.o)
 .bss           0x0080011c        0x0 c:/winavr-20100110/bin/../lib/gcc/avr/4.3.3/../../../../avr/lib/avr5\libm.a(mulsf3x.o)
 .bss           0x0080011c        0x0 c:/winavr-20100110/bin/../lib/gcc/avr/4.3.3/../../../../avr/lib/avr5\libm.a(fp_inf.o)
 .bss           0x0080011c        0x0 c:/winavr-20100110/bin/../lib/gcc/avr/4.3.3/../../../../avr/lib/avr5\libm.a(fp_nan.o)
 .bss           0x0080011c        0x0 c:/winavr-20100110/bin/../lib/gcc/avr/4.3.3/../../../../avr/lib/avr5\libm.a(fp_pscA.o)
 .bss           0x0080011c        0x0 c:/winavr-20100110/bin/../lib/gcc/avr/4.3.3/../../../../avr/lib/avr5\libm.a(fp_pscB.o)
 .bss           0x0080011c        0x0 c:/winavr-20100110/bin/../lib/gcc/avr/4.3.3/../../../../avr/lib/avr5\libm.a(fp_round.o)
 .bss           0x0080011c        0x0 c:/winavr-20100110/bin/../lib/gcc/avr/4.3.3/../../../../avr/lib/avr5\libm.a(fp_split3.o)
 .bss           0x0080011c        0x0 c:/winavr-20100110/bin/../lib/gcc/avr/4.3.3/../../../../avr/lib/avr5\libm.a(fp_zero.o)
 .bss           0x0080011c        0x0 c:/winavr-20100110/bin/../lib/gcc/avr/4.3.3/avr5\libgcc.a(_exit.o)
 .bss           0x0080011c        0x0 c:/winavr-20100110/bin/../lib/gcc/avr/4.3.3/avr5\libgcc.a(_copy_data.o)
 .bss           0x0080011c        0x0 c:/winavr-20100110/bin/../lib/gcc/avr/4.3.3/avr5\libgcc.a(_clear_bss.o)
 .bss           0x0080011c        0x0 c:/winavr-20100110/bin/../lib/gcc/avr/4.3.3/../../../../avr/lib/avr5\libc.a(dtostrf.o)
 .bss           0x0080011c        0x0 c:/winavr-20100110/bin/../lib/gcc/avr/4.3.3/../../../../avr/lib/avr5\libc.a(fdevopen.o)
 .bss           0x0080011c        0x0 c:/winavr-20100110/bin/../lib/gcc/avr/4.3.3/../../../../avr/lib/avr5\libc.a(iob.o)
 .bss           0x0080011c        0x0 c:/winavr-20100110/bin/../lib/gcc/avr/4.3.3/../../../../avr/lib/avr5\libc.a(puts.o)
 .bss           0x0080011c        0x0 c:/winavr-20100110/bin/../lib/gcc/avr/4.3.3/../../../../avr/lib/avr5\libc.a(calloc.o)
 .bss           0x0080011c        0x0 c:/winavr-20100110/bin/../lib/gcc/avr/4.3.3/../../../../avr/lib/avr5\libc.a(dtoa_prf.o)
 .bss           0x0080011c        0x0 c:/winavr-20100110/bin/../lib/gcc/avr/4.3.3/../../../../avr/lib/avr5\libc.a(malloc.o)
 .bss           0x0080011c        0x0 c:/winavr-20100110/bin/../lib/gcc/avr/4.3.3/../../../../avr/lib/avr5\libc.a(ftoa_engine.o)
 .bss           0x0080011c        0x0 c:/winavr-20100110/bin/../lib/gcc/avr/4.3.3/../../../../avr/lib/avr5\libc.a(memset.o)
 .bss           0x0080011c        0x0 c:/winavr-20100110/bin/../lib/gcc/avr/4.3.3/avr5\libgcc.a(_prologue.o)
 .bss           0x0080011c        0x0 c:/winavr-20100110/bin/../lib/gcc/avr/4.3.3/avr5\libgcc.a(_epilogue.o)
 *(.bss*)
 *(COMMON)
 COMMON         0x0080011c        0xa main.o
                0x0080011c                bufor1w
                0x00800124                pbufor1w
 COMMON         0x00800126        0x6 c:/winavr-20100110/bin/../lib/gcc/avr/4.3.3/../../../../avr/lib/avr5\libc.a(iob.o)
                0x00800126                __iob
 COMMON         0x0080012c        0x4 c:/winavr-20100110/bin/../lib/gcc/avr/4.3.3/../../../../avr/lib/avr5\libc.a(malloc.o)
                0x0080012c                __brkval
                0x0080012e                __flp
                0x00800130                PROVIDE (__bss_end, .)
                0x00000f9c                __data_load_start = LOADADDR (.data)
                0x00000fb8                __data_load_end = (__data_load_start + SIZEOF (.data))

.noinit         0x00800130        0x0
                0x00800130                PROVIDE (__noinit_start, .)
 *(.noinit*)
                0x00800130                PROVIDE (__noinit_end, .)
                0x00800130                _end = .
                0x00800130                PROVIDE (__heap_start, .)

.eeprom         0x00810000        0x0
 *(.eeprom*)
                0x00810000                __eeprom_end = .

.fuse
 *(.fuse)
 *(.lfuse)
 *(.hfuse)
 *(.efuse)

.lock
 *(.lock*)

.signature
 *(.signature*)

.stab
 *(.stab)

.stabstr
 *(.stabstr)

.stab.excl
 *(.stab.excl)

.stab.exclstr
 *(.stab.exclstr)

.stab.index
 *(.stab.index)

.stab.indexstr
 *(.stab.indexstr)

.comment
 *(.comment)

.debug
 *(.debug)

.line
 *(.line)

.debug_srcinfo
 *(.debug_srcinfo)

.debug_sfnames
 *(.debug_sfnames)

.debug_aranges  0x00000000       0x80
 *(.debug_aranges)
 .debug_aranges
                0x00000000       0x20 main.o
 .debug_aranges
                0x00000020       0x20 1wire_2.o
 .debug_aranges
                0x00000040       0x20 rs.o
 .debug_aranges
                0x00000060       0x20 ds18b20.o

.debug_pubnames
                0x00000000      0x1a1
 *(.debug_pubnames)
 .debug_pubnames
                0x00000000       0x34 main.o
 .debug_pubnames
                0x00000034       0xa0 1wire_2.o
 .debug_pubnames
                0x000000d4       0x28 rs.o
 .debug_pubnames
                0x000000fc       0xa5 ds18b20.o

.debug_info     0x00000000      0x8fd
 *(.debug_info)
 .debug_info    0x00000000      0x133 main.o
 .debug_info    0x00000133      0x4ef 1wire_2.o
 .debug_info    0x00000622       0xb9 rs.o
 .debug_info    0x000006db      0x222 ds18b20.o
 *(.gnu.linkonce.wi.*)

.debug_abbrev   0x00000000      0x413
 *(.debug_abbrev)
 .debug_abbrev  0x00000000       0xc4 main.o
 .debug_abbrev  0x000000c4      0x193 1wire_2.o
 .debug_abbrev  0x00000257       0x78 rs.o
 .debug_abbrev  0x000002cf      0x144 ds18b20.o

.debug_line     0x00000000      0x6d0
 *(.debug_line)
 .debug_line    0x00000000      0x126 main.o
 .debug_line    0x00000126      0x304 1wire_2.o
 .debug_line    0x0000042a       0x86 rs.o
 .debug_line    0x000004b0      0x220 ds18b20.o

.debug_frame    0x00000000      0x170
 *(.debug_frame)
 .debug_frame   0x00000000       0x20 main.o
 .debug_frame   0x00000020       0xa0 1wire_2.o
 .debug_frame   0x000000c0       0x30 rs.o
 .debug_frame   0x000000f0       0x80 ds18b20.o

.debug_str      0x00000000      0x1fa
 *(.debug_str)
 .debug_str     0x00000000       0x9c main.o
                                 0xdd (size before relaxing)
 .debug_str     0x0000009c       0xcc 1wire_2.o
                                0x192 (size before relaxing)
 .debug_str     0x00000168       0x18 rs.o
                                 0xca (size before relaxing)
 .debug_str     0x00000180       0x7a ds18b20.o
                                0x183 (size before relaxing)

.debug_loc      0x00000000      0x1c3
 *(.debug_loc)
 .debug_loc     0x00000000      0x114 1wire_2.o
 .debug_loc     0x00000114       0x26 rs.o
 .debug_loc     0x0000013a       0x89 ds18b20.o

.debug_macinfo
 *(.debug_macinfo)
OUTPUT(ds18b20.elf elf32-avr)
LOAD linker stubs

.debug_ranges   0x00000000       0x48
 .debug_ranges  0x00000000       0x48 1wire_2.o

Cross Reference Table

Symbol                                            File
CONVERT_T                                         ds18b20.o
COPY_SCRATCHPAD                                   ds18b20.o
MATCH_ROM                                         1wire_2.o
READ_POWER_SUPPLY                                 ds18b20.o
READ_ROM                                          1wire_2.o
READ_SCRATCHPAD                                   ds18b20.o
                                                  main.o
RECALL                                            ds18b20.o
RESET_PULSE                                       1wire_2.o
                                                  ds18b20.o
                                                  main.o
SEARCH_ROM                                        1wire_2.o
SKIP_ROM                                          1wire_2.o
                                                  main.o
TEMP_READ                                         ds18b20.o
                                                  main.o
WRITE_SCRATCHPAD                                  ds18b20.o
__bad_interrupt                                   c:/winavr-20100110/bin/../lib/gcc/avr/4.3.3/../../../../avr/lib/avr5/crtm162.o
__brkval                                          c:/winavr-20100110/bin/../lib/gcc/avr/4.3.3/../../../../avr/lib/avr5\libc.a(malloc.o)
__bss_end                                         c:/winavr-20100110/bin/../lib/gcc/avr/4.3.3/avr5\libgcc.a(_clear_bss.o)
__bss_start                                       c:/winavr-20100110/bin/../lib/gcc/avr/4.3.3/avr5\libgcc.a(_clear_bss.o)
__data_end                                        c:/winavr-20100110/bin/../lib/gcc/avr/4.3.3/avr5\libgcc.a(_copy_data.o)
__data_load_start                                 c:/winavr-20100110/bin/../lib/gcc/avr/4.3.3/avr5\libgcc.a(_copy_data.o)
__data_start                                      c:/winavr-20100110/bin/../lib/gcc/avr/4.3.3/avr5\libgcc.a(_copy_data.o)
__do_clear_bss                                    c:/winavr-20100110/bin/../lib/gcc/avr/4.3.3/avr5\libgcc.a(_clear_bss.o)
                                                  c:/winavr-20100110/bin/../lib/gcc/avr/4.3.3/../../../../avr/lib/avr5\libc.a(malloc.o)
                                                  c:/winavr-20100110/bin/../lib/gcc/avr/4.3.3/../../../../avr/lib/avr5\libc.a(iob.o)
                                                  ds18b20.o
                                                  1wire_2.o
                                                  main.o
__do_copy_data                                    c:/winavr-20100110/bin/../lib/gcc/avr/4.3.3/avr5\libgcc.a(_copy_data.o)
                                                  c:/winavr-20100110/bin/../lib/gcc/avr/4.3.3/../../../../avr/lib/avr5\libc.a(malloc.o)
                                                  main.o
__epilogue_restores__                             c:/winavr-20100110/bin/../lib/gcc/avr/4.3.3/avr5\libgcc.a(_epilogue.o)
                                                  c:/winavr-20100110/bin/../lib/gcc/avr/4.3.3/../../../../avr/lib/avr5\libc.a(dtoa_prf.o)
__floatsisf                                       c:/winavr-20100110/bin/../lib/gcc/avr/4.3.3/../../../../avr/lib/avr5\libm.a(floatsisf.o)
                                                  ds18b20.o
__floatunsisf                                     c:/winavr-20100110/bin/../lib/gcc/avr/4.3.3/../../../../avr/lib/avr5\libm.a(floatsisf.o)
__flp                                             c:/winavr-20100110/bin/../lib/gcc/avr/4.3.3/../../../../avr/lib/avr5\libc.a(malloc.o)
__fp_inf                                          c:/winavr-20100110/bin/../lib/gcc/avr/4.3.3/../../../../avr/lib/avr5\libm.a(fp_inf.o)
                                                  c:/winavr-20100110/bin/../lib/gcc/avr/4.3.3/../../../../avr/lib/avr5\libm.a(mulsf3x.o)
__fp_nan                                          c:/winavr-20100110/bin/../lib/gcc/avr/4.3.3/../../../../avr/lib/avr5\libm.a(fp_nan.o)
                                                  c:/winavr-20100110/bin/../lib/gcc/avr/4.3.3/../../../../avr/lib/avr5\libm.a(mulsf3x.o)
__fp_pscA                                         c:/winavr-20100110/bin/../lib/gcc/avr/4.3.3/../../../../avr/lib/avr5\libm.a(fp_pscA.o)
                                                  c:/winavr-20100110/bin/../lib/gcc/avr/4.3.3/../../../../avr/lib/avr5\libm.a(mulsf3x.o)
__fp_pscB                                         c:/winavr-20100110/bin/../lib/gcc/avr/4.3.3/../../../../avr/lib/avr5\libm.a(fp_pscB.o)
                                                  c:/winavr-20100110/bin/../lib/gcc/avr/4.3.3/../../../../avr/lib/avr5\libm.a(mulsf3x.o)
__fp_round                                        c:/winavr-20100110/bin/../lib/gcc/avr/4.3.3/../../../../avr/lib/avr5\libm.a(fp_round.o)
                                                  c:/winavr-20100110/bin/../lib/gcc/avr/4.3.3/../../../../avr/lib/avr5\libm.a(mulsf3.o)
__fp_split3                                       c:/winavr-20100110/bin/../lib/gcc/avr/4.3.3/../../../../avr/lib/avr5\libm.a(fp_split3.o)
                                                  c:/winavr-20100110/bin/../lib/gcc/avr/4.3.3/../../../../avr/lib/avr5\libm.a(mulsf3x.o)
__fp_splitA                                       c:/winavr-20100110/bin/../lib/gcc/avr/4.3.3/../../../../avr/lib/avr5\libm.a(fp_split3.o)
__fp_szero                                        c:/winavr-20100110/bin/../lib/gcc/avr/4.3.3/../../../../avr/lib/avr5\libm.a(fp_zero.o)
                                                  c:/winavr-20100110/bin/../lib/gcc/avr/4.3.3/../../../../avr/lib/avr5\libm.a(mulsf3x.o)
__fp_zero                                         c:/winavr-20100110/bin/../lib/gcc/avr/4.3.3/../../../../avr/lib/avr5\libm.a(fp_zero.o)
__ftoa_engine                                     c:/winavr-20100110/bin/../lib/gcc/avr/4.3.3/../../../../avr/lib/avr5\libc.a(ftoa_engine.o)
                                                  c:/winavr-20100110/bin/../lib/gcc/avr/4.3.3/../../../../avr/lib/avr5\libc.a(dtoa_prf.o)
__heap_end                                        c:/winavr-20100110/bin/../lib/gcc/avr/4.3.3/../../../../avr/lib/avr5/crtm162.o
                                                  c:/winavr-20100110/bin/../lib/gcc/avr/4.3.3/../../../../avr/lib/avr5\libc.a(malloc.o)
__heap_start                                      c:/winavr-20100110/bin/../lib/gcc/avr/4.3.3/../../../../avr/lib/avr5\libc.a(malloc.o)
__init                                            c:/winavr-20100110/bin/../lib/gcc/avr/4.3.3/../../../../avr/lib/avr5/crtm162.o
__iob                                             c:/winavr-20100110/bin/../lib/gcc/avr/4.3.3/../../../../avr/lib/avr5\libc.a(puts.o)
                                                  c:/winavr-20100110/bin/../lib/gcc/avr/4.3.3/../../../../avr/lib/avr5\libc.a(iob.o)
                                                  c:/winavr-20100110/bin/../lib/gcc/avr/4.3.3/../../../../avr/lib/avr5\libc.a(fdevopen.o)
__malloc_heap_end                                 c:/winavr-20100110/bin/../lib/gcc/avr/4.3.3/../../../../avr/lib/avr5\libc.a(malloc.o)
__malloc_heap_start                               c:/winavr-20100110/bin/../lib/gcc/avr/4.3.3/../../../../avr/lib/avr5\libc.a(malloc.o)
__malloc_margin                                   c:/winavr-20100110/bin/../lib/gcc/avr/4.3.3/../../../../avr/lib/avr5\libc.a(malloc.o)
__mulsf3                                          c:/winavr-20100110/bin/../lib/gcc/avr/4.3.3/../../../../avr/lib/avr5\libm.a(mulsf3.o)
                                                  ds18b20.o
__mulsf3_pse                                      c:/winavr-20100110/bin/../lib/gcc/avr/4.3.3/../../../../avr/lib/avr5\libm.a(mulsf3x.o)
__mulsf3x                                         c:/winavr-20100110/bin/../lib/gcc/avr/4.3.3/../../../../avr/lib/avr5\libm.a(mulsf3x.o)
                                                  c:/winavr-20100110/bin/../lib/gcc/avr/4.3.3/../../../../avr/lib/avr5\libm.a(mulsf3.o)
__prologue_saves__                                c:/winavr-20100110/bin/../lib/gcc/avr/4.3.3/avr5\libgcc.a(_prologue.o)
                                                  c:/winavr-20100110/bin/../lib/gcc/avr/4.3.3/../../../../avr/lib/avr5\libc.a(dtoa_prf.o)
__stack                                           c:/winavr-20100110/bin/../lib/gcc/avr/4.3.3/../../../../avr/lib/avr5/crtm162.o
__vector_1                                        c:/winavr-20100110/bin/../lib/gcc/avr/4.3.3/../../../../avr/lib/avr5/crtm162.o
__vector_10                                       c:/winavr-20100110/bin/../lib/gcc/avr/4.3.3/../../../../avr/lib/avr5/crtm162.o
__vector_11                                       c:/winavr-20100110/bin/../lib/gcc/avr/4.3.3/../../../../avr/lib/avr5/crtm162.o
__vector_12                                       c:/winavr-20100110/bin/../lib/gcc/avr/4.3.3/../../../../avr/lib/avr5/crtm162.o
__vector_13                                       c:/winavr-20100110/bin/../lib/gcc/avr/4.3.3/../../../../avr/lib/avr5/crtm162.o
__vector_14                                       c:/winavr-20100110/bin/../lib/gcc/avr/4.3.3/../../../../avr/lib/avr5/crtm162.o
__vector_15                                       c:/winavr-20100110/bin/../lib/gcc/avr/4.3.3/../../../../avr/lib/avr5/crtm162.o
__vector_16                                       c:/winavr-20100110/bin/../lib/gcc/avr/4.3.3/../../../../avr/lib/avr5/crtm162.o
__vector_17                                       c:/winavr-20100110/bin/../lib/gcc/avr/4.3.3/../../../../avr/lib/avr5/crtm162.o
__vector_18                                       c:/winavr-20100110/bin/../lib/gcc/avr/4.3.3/../../../../avr/lib/avr5/crtm162.o
__vector_19                                       c:/winavr-20100110/bin/../lib/gcc/avr/4.3.3/../../../../avr/lib/avr5/crtm162.o
__vector_2                                        c:/winavr-20100110/bin/../lib/gcc/avr/4.3.3/../../../../avr/lib/avr5/crtm162.o
__vector_20                                       c:/winavr-20100110/bin/../lib/gcc/avr/4.3.3/../../../../avr/lib/avr5/crtm162.o
__vector_21                                       c:/winavr-20100110/bin/../lib/gcc/avr/4.3.3/../../../../avr/lib/avr5/crtm162.o
__vector_22                                       c:/winavr-20100110/bin/../lib/gcc/avr/4.3.3/../../../../avr/lib/avr5/crtm162.o
__vector_23                                       c:/winavr-20100110/bin/../lib/gcc/avr/4.3.3/../../../../avr/lib/avr5/crtm162.o
__vector_24                                       c:/winavr-20100110/bin/../lib/gcc/avr/4.3.3/../../../../avr/lib/avr5/crtm162.o
__vector_25                                       c:/winavr-20100110/bin/../lib/gcc/avr/4.3.3/../../../../avr/lib/avr5/crtm162.o
__vector_26                                       c:/winavr-20100110/bin/../lib/gcc/avr/4.3.3/../../../../avr/lib/avr5/crtm162.o
__vector_27                                       c:/winavr-20100110/bin/../lib/gcc/avr/4.3.3/../../../../avr/lib/avr5/crtm162.o
__vector_3                                        c:/winavr-20100110/bin/../lib/gcc/avr/4.3.3/../../../../avr/lib/avr5/crtm162.o
__vector_4                                        c:/winavr-20100110/bin/../lib/gcc/avr/4.3.3/../../../../avr/lib/avr5/crtm162.o
__vector_5                                        c:/winavr-20100110/bin/../lib/gcc/avr/4.3.3/../../../../avr/lib/avr5/crtm162.o
__vector_6                                        c:/winavr-20100110/bin/../lib/gcc/avr/4.3.3/../../../../avr/lib/avr5/crtm162.o
__vector_7                                        c:/winavr-20100110/bin/../lib/gcc/avr/4.3.3/../../../../avr/lib/avr5/crtm162.o
__vector_8                                        c:/winavr-20100110/bin/../lib/gcc/avr/4.3.3/../../../../avr/lib/avr5/crtm162.o
__vector_9                                        c:/winavr-20100110/bin/../lib/gcc/avr/4.3.3/../../../../avr/lib/avr5/crtm162.o
__vector_default                                  c:/winavr-20100110/bin/../lib/gcc/avr/4.3.3/../../../../avr/lib/avr5/crtm162.o
__vectors                                         c:/winavr-20100110/bin/../lib/gcc/avr/4.3.3/../../../../avr/lib/avr5/crtm162.o
_exit                                             c:/winavr-20100110/bin/../lib/gcc/avr/4.3.3/avr5\libgcc.a(_exit.o)
bufor1w                                           ds18b20.o
                                                  1wire_2.o
                                                  main.o
calloc                                            c:/winavr-20100110/bin/../lib/gcc/avr/4.3.3/../../../../avr/lib/avr5\libc.a(calloc.o)
                                                  c:/winavr-20100110/bin/../lib/gcc/avr/4.3.3/../../../../avr/lib/avr5\libc.a(fdevopen.o)
dtoa_prf                                          c:/winavr-20100110/bin/../lib/gcc/avr/4.3.3/../../../../avr/lib/avr5\libc.a(dtoa_prf.o)
                                                  c:/winavr-20100110/bin/../lib/gcc/avr/4.3.3/../../../../avr/lib/avr5\libc.a(dtostrf.o)
dtostrf                                           c:/winavr-20100110/bin/../lib/gcc/avr/4.3.3/../../../../avr/lib/avr5\libc.a(dtostrf.o)
                                                  main.o
exit                                              c:/winavr-20100110/bin/../lib/gcc/avr/4.3.3/avr5\libgcc.a(_exit.o)
                                                  c:/winavr-20100110/bin/../lib/gcc/avr/4.3.3/../../../../avr/lib/avr5/crtm162.o
fdevopen                                          c:/winavr-20100110/bin/../lib/gcc/avr/4.3.3/../../../../avr/lib/avr5\libc.a(fdevopen.o)
                                                  main.o
free                                              c:/winavr-20100110/bin/../lib/gcc/avr/4.3.3/../../../../avr/lib/avr5\libc.a(malloc.o)
main                                              main.o
                                                  c:/winavr-20100110/bin/../lib/gcc/avr/4.3.3/../../../../avr/lib/avr5/crtm162.o
malloc                                            c:/winavr-20100110/bin/../lib/gcc/avr/4.3.3/../../../../avr/lib/avr5\libc.a(malloc.o)
                                                  c:/winavr-20100110/bin/../lib/gcc/avr/4.3.3/../../../../avr/lib/avr5\libc.a(calloc.o)
memset                                            c:/winavr-20100110/bin/../lib/gcc/avr/4.3.3/../../../../avr/lib/avr5\libc.a(memset.o)
                                                  c:/winavr-20100110/bin/../lib/gcc/avr/4.3.3/../../../../avr/lib/avr5\libc.a(calloc.o)
pbufor1w                                          ds18b20.o
                                                  1wire_2.o
                                                  main.o
puts                                              c:/winavr-20100110/bin/../lib/gcc/avr/4.3.3/../../../../avr/lib/avr5\libc.a(puts.o)
                                                  main.o
read                                              1wire_2.o
read_byte                                         1wire_2.o
                                                  ds18b20.o
rs_get                                            rs.o
                                                  main.o
rs_put                                            rs.o
                                                  main.o
send                                              1wire_2.o
send_byte                                         1wire_2.o
                                                  ds18b20.o
